../Src/MSYSTICK_program.c:19:6:MSYSTICK_voidInit	4	static
../Src/MSYSTICK_program.c:35:6:MYSYSTICK_voidSet_BusyWait	16	static
../Src/MSYSTICK_program.c:40:6:MSYSTICK_voidSetIntervalSingle	16	static
../Src/MSYSTICK_program.c:46:6:MSYSTICK_voidSetIntervalPeriodic	16	static
../Src/MSYSTICK_program.c:57:6:MSYSTICK_voidStopInterval	4	static
../Src/MSYSTICK_program.c:60:8:MSYSTICK_uint32GetElapsedTime	16	static
../Src/MSYSTICK_program.c:64:8:MSYSTICK_uint32GetRemainingTime	16	static
../Src/MSYSTICK_program.c:68:6:MSYSTICK_voidDelay_MS	16	static
../Src/MSYSTICK_program.c:72:6:MSYSTICK_voidDelay_uS	16	static
../Src/MSYSTICK_program.c:76:6:SysTick_Handler	8	static
