../Src/MSYSTICK_program.c:16:6:MSYSTICK_voidInit	4	static
../Src/MSYSTICK_program.c:32:6:MYSYSTICK_voidSet_BusyWait	16	static
../Src/MSYSTICK_program.c:37:6:MSYSTICK_voidSetIntervalSingle	16	static
../Src/MSYSTICK_program.c:43:6:MSYSTICK_voidSetIntervalPeriodic	16	static
../Src/MSYSTICK_program.c:54:6:MSYSTICK_voidStopInterval	4	static
../Src/MSYSTICK_program.c:57:8:MSYSTICK_uint32GetElapsedTime	4	static
../Src/MSYSTICK_program.c:60:8:MSYSTICK_uint32GetRemainingTime	4	static
../Src/MSYSTICK_program.c:63:6:MSYSTICK_voidDelay_MS	16	static
../Src/MSYSTICK_program.c:66:6:MSYSTICK_voidDelay_uS	16	static
../Src/MSYSTICK_program.c:69:6:SysTick_Handler	8	static
