../Src/EXTI_program.c:29:6:MEXTI_voidInit	16	static
../Src/EXTI_program.c:116:6:MEXTI_voidEnable	16	static
../Src/EXTI_program.c:138:6:MEXTI_voiddisable	16	static
../Src/EXTI_program.c:158:6:MEXTI_voidTriggerSW	16	static
../Src/EXTI_program.c:178:6:MEXTI_voidSetCallback	16	static
../Src/EXTI_program.c:215:6:EXTI0_IRQHandler	8	static
../Src/EXTI_program.c:219:6:EXTI1_IRQHandler	8	static
../Src/EXTI_program.c:223:6:EXTI2_IRQHandler	8	static
../Src/EXTI_program.c:227:6:EXTI3_IRQHandler	8	static
../Src/EXTI_program.c:231:6:EXTI4_IRQHandler	8	static
../Src/EXTI_program.c:235:6:EXTI9_5_IRQHandler	8	static
