../Src/main.c:114:5:main	8	static
../Src/main.c:200:6:CAN_TX	72	static
../Src/main.c:220:6:CAN_RX	40	static
../Src/main.c:240:8:Std_id_High	16	static
../Src/main.c:244:6:CAN_FilterConfig	48	static
../Src/main.c:270:6:CAN_TxMailbox0CompleteCallback	72	static
../Src/main.c:277:6:CAN_RxFifo0MsgPendingCallback	8	static
../Src/main.c:293:8:convertAToB	56	static
../Src/main.c:303:6:speed_measure	8	static
../Src/main.c:346:6:PID_controller_Velocity	40	static
../Src/main.c:367:6:move_distance	24	static
../Src/main.c:377:6:Encoder_INT_POSITION	8	static
../Src/main.c:397:6:Encoder_INT_SPEED	4	static
../Src/main.c:402:6:BACK_MOTORS_INIT	8	static
../Src/main.c:408:6:BACK_MOTORS_MOVE	24	static
../Src/main.c:414:6:BACK_MOTORS_STOP	8	static
