Archive member included to satisfy reference by file (symbol)

/Applications/STM32CubeIDE.app/Contents/Eclipse/plugins/com.st.stm32cube.ide.mcu.externaltools.gnu-tools-for-stm32.12.3.rel1.macos64_1.0.200.202406191456/tools/bin/../lib/gcc/arm-none-eabi/12.3.1/../../../../arm-none-eabi/lib/thumb/v7-m/nofp/libc_nano.a(libc_a-exit.o)
                              /Applications/STM32CubeIDE.app/Contents/Eclipse/plugins/com.st.stm32cube.ide.mcu.externaltools.gnu-tools-for-stm32.12.3.rel1.macos64_1.0.200.202406191456/tools/bin/../lib/gcc/arm-none-eabi/12.3.1/../../../../arm-none-eabi/lib/thumb/v7-m/nofp/crt0.o (exit)
/Applications/STM32CubeIDE.app/Contents/Eclipse/plugins/com.st.stm32cube.ide.mcu.externaltools.gnu-tools-for-stm32.12.3.rel1.macos64_1.0.200.202406191456/tools/bin/../lib/gcc/arm-none-eabi/12.3.1/../../../../arm-none-eabi/lib/thumb/v7-m/nofp/libc_nano.a(libc_a-sprintf.o)
                              ./Src/UART_program.o (sprintf)
/Applications/STM32CubeIDE.app/Contents/Eclipse/plugins/com.st.stm32cube.ide.mcu.externaltools.gnu-tools-for-stm32.12.3.rel1.macos64_1.0.200.202406191456/tools/bin/../lib/gcc/arm-none-eabi/12.3.1/../../../../arm-none-eabi/lib/thumb/v7-m/nofp/libc_nano.a(libc_a-findfp.o)
                              /Applications/STM32CubeIDE.app/Contents/Eclipse/plugins/com.st.stm32cube.ide.mcu.externaltools.gnu-tools-for-stm32.12.3.rel1.macos64_1.0.200.202406191456/tools/bin/../lib/gcc/arm-none-eabi/12.3.1/../../../../arm-none-eabi/lib/thumb/v7-m/nofp/libc_nano.a(libc_a-exit.o) (__stdio_exit_handler)
/Applications/STM32CubeIDE.app/Contents/Eclipse/plugins/com.st.stm32cube.ide.mcu.externaltools.gnu-tools-for-stm32.12.3.rel1.macos64_1.0.200.202406191456/tools/bin/../lib/gcc/arm-none-eabi/12.3.1/../../../../arm-none-eabi/lib/thumb/v7-m/nofp/libc_nano.a(libc_a-fwalk.o)
                              /Applications/STM32CubeIDE.app/Contents/Eclipse/plugins/com.st.stm32cube.ide.mcu.externaltools.gnu-tools-for-stm32.12.3.rel1.macos64_1.0.200.202406191456/tools/bin/../lib/gcc/arm-none-eabi/12.3.1/../../../../arm-none-eabi/lib/thumb/v7-m/nofp/libc_nano.a(libc_a-findfp.o) (_fwalk_sglue)
/Applications/STM32CubeIDE.app/Contents/Eclipse/plugins/com.st.stm32cube.ide.mcu.externaltools.gnu-tools-for-stm32.12.3.rel1.macos64_1.0.200.202406191456/tools/bin/../lib/gcc/arm-none-eabi/12.3.1/../../../../arm-none-eabi/lib/thumb/v7-m/nofp/libc_nano.a(libc_a-memset.o)
                              /Applications/STM32CubeIDE.app/Contents/Eclipse/plugins/com.st.stm32cube.ide.mcu.externaltools.gnu-tools-for-stm32.12.3.rel1.macos64_1.0.200.202406191456/tools/bin/../lib/gcc/arm-none-eabi/12.3.1/../../../../arm-none-eabi/lib/thumb/v7-m/nofp/crt0.o (memset)
/Applications/STM32CubeIDE.app/Contents/Eclipse/plugins/com.st.stm32cube.ide.mcu.externaltools.gnu-tools-for-stm32.12.3.rel1.macos64_1.0.200.202406191456/tools/bin/../lib/gcc/arm-none-eabi/12.3.1/../../../../arm-none-eabi/lib/thumb/v7-m/nofp/libc_nano.a(libc_a-impure.o)
                              /Applications/STM32CubeIDE.app/Contents/Eclipse/plugins/com.st.stm32cube.ide.mcu.externaltools.gnu-tools-for-stm32.12.3.rel1.macos64_1.0.200.202406191456/tools/bin/../lib/gcc/arm-none-eabi/12.3.1/../../../../arm-none-eabi/lib/thumb/v7-m/nofp/libc_nano.a(libc_a-sprintf.o) (_impure_ptr)
/Applications/STM32CubeIDE.app/Contents/Eclipse/plugins/com.st.stm32cube.ide.mcu.externaltools.gnu-tools-for-stm32.12.3.rel1.macos64_1.0.200.202406191456/tools/bin/../lib/gcc/arm-none-eabi/12.3.1/../../../../arm-none-eabi/lib/thumb/v7-m/nofp/libc_nano.a(libc_a-errno.o)
                              ./Src/syscalls.o (__errno)
/Applications/STM32CubeIDE.app/Contents/Eclipse/plugins/com.st.stm32cube.ide.mcu.externaltools.gnu-tools-for-stm32.12.3.rel1.macos64_1.0.200.202406191456/tools/bin/../lib/gcc/arm-none-eabi/12.3.1/../../../../arm-none-eabi/lib/thumb/v7-m/nofp/libc_nano.a(libc_a-init.o)
                              /Applications/STM32CubeIDE.app/Contents/Eclipse/plugins/com.st.stm32cube.ide.mcu.externaltools.gnu-tools-for-stm32.12.3.rel1.macos64_1.0.200.202406191456/tools/bin/../lib/gcc/arm-none-eabi/12.3.1/../../../../arm-none-eabi/lib/thumb/v7-m/nofp/crt0.o (__libc_init_array)
/Applications/STM32CubeIDE.app/Contents/Eclipse/plugins/com.st.stm32cube.ide.mcu.externaltools.gnu-tools-for-stm32.12.3.rel1.macos64_1.0.200.202406191456/tools/bin/../lib/gcc/arm-none-eabi/12.3.1/../../../../arm-none-eabi/lib/thumb/v7-m/nofp/libc_nano.a(libc_a-lock.o)
                              /Applications/STM32CubeIDE.app/Contents/Eclipse/plugins/com.st.stm32cube.ide.mcu.externaltools.gnu-tools-for-stm32.12.3.rel1.macos64_1.0.200.202406191456/tools/bin/../lib/gcc/arm-none-eabi/12.3.1/../../../../arm-none-eabi/lib/thumb/v7-m/nofp/libc_nano.a(libc_a-findfp.o) (__retarget_lock_init_recursive)
[...]
Memory Configuration

Name             Origin             Length             Attributes
RAM              0x20000000         0x00005000         xrw
FLASH            0x08000000         0x00010000         xr
*default*        0x00000000         0xffffffff

Linker script and memory map

LOAD /Applications/STM32CubeIDE.app/Contents/Eclipse/plugins/com.st.stm32cube.ide.mcu.externaltools.gnu-tools-for-stm32.12.3.rel1.macos64_1.0.200.202406191456/tools/bin/../lib/gcc/arm-none-eabi/12.3.1/thumb/v7-m/nofp/crti.o
LOAD /Applications/STM32CubeIDE.app/Contents/Eclipse/plugins/com.st.stm32cube.ide.mcu.externaltools.gnu-tools-for-stm32.12.3.rel1.macos64_1.0.200.202406191456/tools/bin/../lib/gcc/arm-none-eabi/12.3.1/thumb/v7-m/nofp/crtbegin.o
LOAD /Applications/STM32CubeIDE.app/Contents/Eclipse/plugins/com.st.stm32cube.ide.mcu.externaltools.gnu-tools-for-stm32.12.3.rel1.macos64_1.0.200.202406191456/tools/bin/../lib/gcc/arm-none-eabi/12.3.1/../../../../arm-none-eabi/lib/thumb/v7-m/nofp/crt0.o
LOAD ./Src/AFIO_program.o
LOAD ./Src/CAN_program.o
LOAD ./Src/DIO_program.o
LOAD ./Src/EXTI_program.o
LOAD ./Src/GENRERALTIMERS_program.o
LOAD ./Src/MDMA_program.o
LOAD ./Src/MNVIC_program.o
LOAD ./Src/MSYSTICK_program.o
LOAD ./Src/RCC_program.o
LOAD ./Src/SPI_program.o
LOAD ./Src/UART_program.o
LOAD ./Src/ULTRASONIC_program.o
LOAD ./Src/main.o
LOAD ./Src/syscalls.o
LOAD ./Src/sysmem.o
LOAD ./Startup/startup_stm32f103c8tx.o
START GROUP
LOAD /Applications/STM32CubeIDE.app/Contents/Eclipse/plugins/com.st.stm32cube.ide.mcu.externaltools.gnu-tools-for-stm32.12.3.rel1.macos64_1.0.200.202406191456/tools/bin/../lib/gcc/arm-none-eabi/12.3.1/../../../../arm-none-eabi/lib/thumb/v7-m/nofp/libc_nano.a
LOAD /Applications/STM32CubeIDE.app/Contents/Eclipse/plugins/com.st.stm32cube.ide.mcu.externaltools.gnu-tools-for-stm32.12.3.rel1.macos64_1.0.200.202406191456/tools/bin/../lib/gcc/arm-none-eabi/12.3.1/../../../../arm-none-eabi/lib/thumb/v7-m/nofp/libm.a
END GROUP
START GROUP
LOAD /Applications/STM32CubeIDE.app/Contents/Eclipse/plugins/com.st.stm32cube.ide.mcu.externaltools.gnu-tools-for-stm32.12.3.rel1.macos64_1.0.200.202406191456/tools/bin/../lib/gcc/arm-none-eabi/12.3.1/thumb/v7-m/nofp/libgcc.a
LOAD /Applications/STM32CubeIDE.app/Contents/Eclipse/plugins/com.st.stm32cube.ide.mcu.externaltools.gnu-tools-for-stm32.12.3.rel1.macos64_1.0.200.202406191456/tools/bin/../lib/gcc/arm-none-eabi/12.3.1/../../../../arm-none-eabi/lib/thumb/v7-m/nofp/libc_nano.a
END GROUP
START GROUP
LOAD /Applications/STM32CubeIDE.app/Contents/Eclipse/plugins/com.st.stm32cube.ide.mcu.externaltools.gnu-tools-for-stm32.12.3.rel1.macos64_1.0.200.202406191456/tools/bin/../lib/gcc/arm-none-eabi/12.3.1/thumb/v7-m/nofp/libgcc.a
LOAD /Applications/STM32CubeIDE.app/Contents/Eclipse/plugins/com.st.stm32cube.ide.mcu.externaltools.gnu-tools-for-stm32.12.3.rel1.macos64_1.0.200.202406191456/tools/bin/../lib/gcc/arm-none-eabi/12.3.1/../../../../arm-none-eabi/lib/thumb/v7-m/nofp/libc_nano.a
LOAD /Applications/STM32CubeIDE.app/Contents/Eclipse/plugins/com.st.stm32cube.ide.mcu.externaltools.gnu-tools-for-stm32.12.3.rel1.macos64_1.0.200.202406191456/tools/bin/../lib/gcc/arm-none-eabi/12.3.1/../../../../arm-none-eabi/lib/thumb/v7-m/nofp/libnosys.a
END GROUP
START GROUP
LOAD /Applications/STM32CubeIDE.app/Contents/Eclipse/plugins/com.st.stm32cube.ide.mcu.externaltools.gnu-tools-for-stm32.12.3.rel1.macos64_1.0.200.202406191456/tools/bin/../lib/gcc/arm-none-eabi/12.3.1/thumb/v7-m/nofp/libgcc.a
LOAD /Applications/STM32CubeIDE.app/Contents/Eclipse/plugins/com.st.stm32cube.ide.mcu.externaltools.gnu-tools-for-stm32.12.3.rel1.macos64_1.0.200.202406191456/tools/bin/../lib/gcc/arm-none-eabi/12.3.1/../../../../arm-none-eabi/lib/thumb/v7-m/nofp/libc_nano.a
LOAD /Applications/STM32CubeIDE.app/Contents/Eclipse/plugins/com.st.stm32cube.ide.mcu.externaltools.gnu-tools-for-stm32.12.3.rel1.macos64_1.0.200.202406191456/tools/bin/../lib/gcc/arm-none-eabi/12.3.1/../../../../arm-none-eabi/lib/thumb/v7-m/nofp/libnosys.a
END GROUP
LOAD /Applications/STM32CubeIDE.app/Contents/Eclipse/plugins/com.st.stm32cube.ide.mcu.externaltools.gnu-tools-for-stm32.12.3.rel1.macos64_1.0.200.202406191456/tools/bin/../lib/gcc/arm-none-eabi/12.3.1/thumb/v7-m/nofp/crtend.o
LOAD /Applications/STM32CubeIDE.app/Contents/Eclipse/plugins/com.st.stm32cube.ide.mcu.externaltools.gnu-tools-for-stm32.12.3.rel1.macos64_1.0.200.202406191456/tools/bin/../lib/gcc/arm-none-eabi/12.3.1/thumb/v7-m/nofp/crtn.o
                0x20005000                        _estack = (ORIGIN (RAM) + LENGTH (RAM))
                0x00000200                        _Min_Heap_Size = 0x200
                0x00000400                        _Min_Stack_Size = 0x400

.isr_vector     0x08000000      0x130
                0x08000000                        . = ALIGN (0x4)
 *(.isr_vector)
 .isr_vector    0x08000000      0x130 ./Startup/startup_stm32f103c8tx.o
                0x08000000                g_pfnVectors
                0x08000130                        . = ALIGN (0x4)

.text           0x08000130     0x2308
                0x08000130                        . = ALIGN (0x4)
 *(.text)
 .text          0x08000130       0x40 /Applications/STM32CubeIDE.app/Contents/Eclipse/plugins/com.st.stm32cube.ide.mcu.externaltools.gnu-tools-for-stm32.12.3.rel1.macos64_1.0.200.202406191456/tools/bin/../lib/gcc/arm-none-eabi/12.3.1/thumb/v7-m/nofp/crtbegin.o
 .text          0x08000170      0x378 /Applications/STM32CubeIDE.app/Contents/Eclipse/plugins/com.st.stm32cube.ide.mcu.externaltools.gnu-tools-for-stm32.12.3.rel1.macos64_1.0.200.202406191456/tools/bin/../lib/gcc/arm-none-eabi/12.3.1/thumb/v7-m/nofp/libgcc.a(_arm_addsubdf3.o)
                0x08000170                __aeabi_drsub
                0x08000178                __subdf3
                0x08000178                __aeabi_dsub
                0x0800017c                __aeabi_dadd
                0x0800017c                __adddf3
                0x080003f4                __aeabi_ui2d
                0x080003f4                __floatunsidf
                0x08000414                __floatsidf
                0x08000414                __aeabi_i2d
                0x08000438                __extendsfdf2
                0x08000438                __aeabi_f2d
                0x0800047c                __aeabi_ul2d
                0x0800047c                __floatundidf
                0x0800048c                __aeabi_l2d
                0x0800048c                __floatdidf
 .text          0x080004e8      0x424 /Applications/STM32CubeIDE.app/Contents/Eclipse/plugins/com.st.stm32cube.ide.mcu.externaltools.gnu-tools-for-stm32.12.3.rel1.macos64_1.0.200.202406191456/tools/bin/../lib/gcc/arm-none-eabi/12.3.1/thumb/v7-m/nofp/libgcc.a(_arm_muldivdf3.o)
                0x080004e8                __aeabi_dmul
                0x080004e8                __muldf3
                0x0800073c                __aeabi_ddiv
                0x0800073c                __divdf3
 .text          0x0800090c       0x40 /Applications/STM32CubeIDE.app/Contents/Eclipse/plugins/com.st.stm32cube.ide.mcu.externaltools.gnu-tools-for-stm32.12.3.rel1.macos64_1.0.200.202406191456/tools/bin/../lib/gcc/arm-none-eabi/12.3.1/thumb/v7-m/nofp/libgcc.a(_arm_fixunsdfsi.o)
                0x0800090c                __fixunsdfsi
                0x0800090c                __aeabi_d2uiz
 *(.text*)
 .text.MAFIO_voidInitAFIO
                0x0800094c       0x14 ./Src/AFIO_program.o
                0x0800094c                MAFIO_voidInitAFIO
 .text.Mdisable_JTAG
                0x08000960       0x1c ./Src/AFIO_program.o
                0x08000960                Mdisable_JTAG
 .text.CAN_voidInit
                0x0800097c       0xd0 ./Src/CAN_program.o
                0x0800097c                CAN_voidInit
 .text.CAN_voidAddTxMsg
                0x08000a4c      0x148 ./Src/CAN_program.o
                0x08000a4c                CAN_voidAddTxMsg
 .text.CAN_voidStart
                0x08000b94       0x2c ./Src/CAN_program.o
                0x08000b94                CAN_voidStart
 .text.CAN_voidConfigFilter
                0x08000bc0      0x1a0 ./Src/CAN_program.o
                0x08000bc0                CAN_voidConfigFilter
 .text.MDIO_INIT
                0x08000d60       0x22 ./Src/DIO_program.o
                0x08000d60                MDIO_INIT
 *fill*         0x08000d82        0x2 
 .text.MDIO_voidSetDirection
                0x08000d84      0x264 ./Src/DIO_program.o
                0x08000d84                MDIO_voidSetDirection
 .text.MDIO_voidWrite_D_pin
                0x08000fe8       0xf4 ./Src/DIO_program.o
                0x08000fe8                MDIO_voidWrite_D_pin
 .text.MDIO_uint8Read_D_pin
                0x080010dc       0x78 ./Src/DIO_program.o
                0x080010dc                MDIO_uint8Read_D_pin
 .text.MTimer_voidInitInputCapture
                0x08001154      0x3f4 ./Src/GENRERALTIMERS_program.o
                0x08001154                MTimer_voidInitInputCapture
 .text.MTimer_voidGetPulseFullTimer
                0x08001548      0x268 ./Src/GENRERALTIMERS_program.o
                0x08001548                MTimer_voidGetPulseFullTimer
 .text.MSYSTICK_voidInit
                0x080017b0       0x28 ./Src/MSYSTICK_program.o
                0x080017b0                MSYSTICK_voidInit
 .text.MYSYSTICK_voidSet_BusyWait
                0x080017d8       0x3c ./Src/MSYSTICK_program.o
                0x080017d8                MYSYSTICK_voidSet_BusyWait
 .text.MSYSTICK_voidDelay_uS
                0x08001814       0x1c ./Src/MSYSTICK_program.o
                0x08001814                MSYSTICK_voidDelay_uS
 .text.SysTick_Handler
                0x08001830       0x14 ./Src/MSYSTICK_program.o
                0x08001830                SysTick_Handler
 .text.MRCC_voidEnableClock
                0x08001844       0x80 ./Src/RCC_program.o
                0x08001844                MRCC_voidEnableClock
 .text.MRCC_voidInitClock
                0x080018c4       0x40 ./Src/RCC_program.o
                0x080018c4                MRCC_voidInitClock
 .text.MUSART_voidInit
                0x08001904       0xf0 ./Src/UART_program.o
                0x08001904                MUSART_voidInit
 .text.MUSART_voidSendByte
                0x080019f4       0x7c ./Src/UART_program.o
                0x080019f4                MUSART_voidSendByte
 .text.MUSART_voidSendWord
                0x08001a70       0x40 ./Src/UART_program.o
                0x08001a70                MUSART_voidSendWord
 .text.HUltrasonic_voidInitX4
                0x08001ab0      0x10a ./Src/ULTRASONIC_program.o
                0x08001ab0                HUltrasonic_voidInitX4
 *fill*         0x08001bba        0x6 
 .text.HUltrasonic_uint32GetDisX4
                0x08001bc0      0x288 ./Src/ULTRASONIC_program.o
                0x08001bc0                HUltrasonic_uint32GetDisX4
 .text.REQ_PIN_init
                0x08001e48       0x38 ./Src/main.o
                0x08001e48                REQ_PIN_init
 .text.REQ_PIN_READ
                0x08001e80       0x68 ./Src/main.o
                0x08001e80                REQ_PIN_READ
 .text.ULTRA_SEND_DIS_REQ
                0x08001ee8      0x1ec ./Src/main.o
                0x08001ee8                ULTRA_SEND_DIS_REQ
 .text.ULTRA_READ_8X
                0x080020d4       0x7c ./Src/main.o
                0x080020d4                ULTRA_READ_8X
 .text.Std_id_High
                0x08002150       0x1a ./Src/main.o
                0x08002150                Std_id_High
 .text.CAN_FilterConfig
                0x0800216a       0x42 ./Src/main.o
                0x0800216a                CAN_FilterConfig
 .text.CAN_header_init
                0x080021ac      0x140 ./Src/main.o
                0x080021ac                CAN_header_init
 .text.main     0x080022ec       0x98 ./Src/main.o
                0x080022ec                main
 .text.Reset_Handler
                0x08002384       0x50 ./Startup/startup_stm32f103c8tx.o
                0x08002384                Reset_Handler
 .text.Default_Handler
                0x080023d4        0x2 ./Startup/startup_stm32f103c8tx.o
                0x080023d4                DMA2_Channel3_IRQHandler
                0x080023d4                TIM8_TRG_COM_IRQHandler
                0x080023d4                TIM8_CC_IRQHandler
                0x080023d4                DebugMon_Handler
                0x080023d4                TIM1_CC_IRQHandler
                0x080023d4                HardFault_Handler
                0x080023d4                TIM6_IRQHandler
                0x080023d4                PVD_IRQHandler
                0x080023d4                SDIO_IRQHandler
                0x080023d4                PendSV_Handler
                0x080023d4                NMI_Handler
                0x080023d4                EXTI3_IRQHandler
                0x080023d4                USB_HP_CAN_TX_IRQHandler
                0x080023d4                EXTI0_IRQHandler
                0x080023d4                I2C2_EV_IRQHandler
                0x080023d4                UsageFault_Handler
                0x080023d4                ADC1_2_IRQHandler
                0x080023d4                SPI1_IRQHandler
                0x080023d4                CAN_SCE_IRQHandler
                0x080023d4                TAMPER_IRQHandler
                0x080023d4                TIM8_UP_IRQHandler
                0x080023d4                DMA2_Channel2_IRQHandler
                0x080023d4                DMA1_Channel4_IRQHandler
                0x080023d4                USART3_IRQHandler
                0x080023d4                RTC_IRQHandler
                0x080023d4                DMA1_Channel7_IRQHandler
                0x080023d4                UART5_IRQHandler
                0x080023d4                ADC3_IRQHandler
                0x080023d4                TIM4_IRQHandler
                0x080023d4                CAN_RX1_IRQHandler
                0x080023d4                DMA2_Channel1_IRQHandler
                0x080023d4                I2C1_EV_IRQHandler
                0x080023d4                DMA1_Channel6_IRQHandler
                0x080023d4                UART4_IRQHandler
                0x080023d4                TIM3_IRQHandler
                0x080023d4                RCC_IRQHandler
                0x080023d4                TIM1_TRG_COM_IRQHandler
                0x080023d4                DMA1_Channel1_IRQHandler
                0x080023d4                Default_Handler
                0x080023d4                EXTI15_10_IRQHandler
                0x080023d4                TIM7_IRQHandler
                0x080023d4                TIM5_IRQHandler
                0x080023d4                EXTI9_5_IRQHandler
                0x080023d4                SPI2_IRQHandler
                0x080023d4                USB_LP_CAN_RX0_IRQHandler
                0x080023d4                MemManage_Handler
                0x080023d4                SVC_Handler
                0x080023d4                DMA1_Channel5_IRQHandler
                0x080023d4                EXTI4_IRQHandler
                0x080023d4                DMA1_Channel3_IRQHandler
                0x080023d4                FSMC_IRQHandler
                0x080023d4                TIM1_UP_IRQHandler
                0x080023d4                WWDG_IRQHandler
                0x080023d4                TIM2_IRQHandler
                0x080023d4                TIM1_BRK_IRQHandler
                0x080023d4                EXTI1_IRQHandler
                0x080023d4                RTCAlarm_IRQHandler
                0x080023d4                DMA2_Channel4_5_IRQHandler
                0x080023d4                USART2_IRQHandler
                0x080023d4                I2C2_ER_IRQHandler
                0x080023d4                DMA1_Channel2_IRQHandler
                0x080023d4                TIM8_BRK_IRQHandler
                0x080023d4                FLASH_IRQHandler
                0x080023d4                BusFault_Handler
                0x080023d4                USART1_IRQHandler
                0x080023d4                SPI3_IRQHandler
                0x080023d4                I2C1_ER_IRQHandler
                0x080023d4                EXTI2_IRQHandler
 *fill*         0x080023d6        0x2 
 .text.__libc_init_array
                0x080023d8       0x48 /Applications/STM32CubeIDE.app/Contents/Eclipse/plugins/com.st.stm32cube.ide.mcu.externaltools.gnu-tools-for-stm32.12.3.rel1.macos64_1.0.200.202406191456/tools/bin/../lib/gcc/arm-none-eabi/12.3.1/../../../../arm-none-eabi/lib/thumb/v7-m/nofp/libc_nano.a(libc_a-init.o)
                0x080023d8                __libc_init_array
 *(.glue_7)
 .glue_7        0x08002420        0x0 linker stubs
 *(.glue_7t)
 .glue_7t       0x08002420        0x0 linker stubs
 *(.eh_frame)
 .eh_frame      0x08002420        0x0 /Applications/STM32CubeIDE.app/Contents/Eclipse/plugins/com.st.stm32cube.ide.mcu.externaltools.gnu-tools-for-stm32.12.3.rel1.macos64_1.0.200.202406191456/tools/bin/../lib/gcc/arm-none-eabi/12.3.1/thumb/v7-m/nofp/crtbegin.o
 *(.init)
 .init          0x08002420        0x4 /Applications/STM32CubeIDE.app/Contents/Eclipse/plugins/com.st.stm32cube.ide.mcu.externaltools.gnu-tools-for-stm32.12.3.rel1.macos64_1.0.200.202406191456/tools/bin/../lib/gcc/arm-none-eabi/12.3.1/thumb/v7-m/nofp/crti.o
                0x08002420                _init
 .init          0x08002424        0x8 /Applications/STM32CubeIDE.app/Contents/Eclipse/plugins/com.st.stm32cube.ide.mcu.externaltools.gnu-tools-for-stm32.12.3.rel1.macos64_1.0.200.202406191456/tools/bin/../lib/gcc/arm-none-eabi/12.3.1/thumb/v7-m/nofp/crtn.o
 *(.fini)
 .fini          0x0800242c        0x4 /Applications/STM32CubeIDE.app/Contents/Eclipse/plugins/com.st.stm32cube.ide.mcu.externaltools.gnu-tools-for-stm32.12.3.rel1.macos64_1.0.200.202406191456/tools/bin/../lib/gcc/arm-none-eabi/12.3.1/thumb/v7-m/nofp/crti.o
                0x0800242c                _fini
 .fini          0x08002430        0x8 /Applications/STM32CubeIDE.app/Contents/Eclipse/plugins/com.st.stm32cube.ide.mcu.externaltools.gnu-tools-for-stm32.12.3.rel1.macos64_1.0.200.202406191456/tools/bin/../lib/gcc/arm-none-eabi/12.3.1/thumb/v7-m/nofp/crtn.o
                0x08002438                        . = ALIGN (0x4)
                0x08002438                        _etext = .

.vfp11_veneer   0x08002438        0x0
 .vfp11_veneer  0x08002438        0x0 linker stubs

.v4_bx          0x08002438        0x0
 .v4_bx         0x08002438        0x0 linker stubs

.iplt           0x08002438        0x0
 .iplt          0x08002438        0x0 /Applications/STM32CubeIDE.app/Contents/Eclipse/plugins/com.st.stm32cube.ide.mcu.externaltools.gnu-tools-for-stm32.12.3.rel1.macos64_1.0.200.202406191456/tools/bin/../lib/gcc/arm-none-eabi/12.3.1/thumb/v7-m/nofp/crtbegin.o

.rodata         0x08002438       0x14
                0x08002438                        . = ALIGN (0x4)
 *(.rodata)
 .rodata        0x08002438       0x14 ./Src/main.o
 *(.rodata*)
                0x0800244c                        . = ALIGN (0x4)

.rel.dyn        0x0800244c        0x0
 .rel.iplt      0x0800244c        0x0 /Applications/STM32CubeIDE.app/Contents/Eclipse/plugins/com.st.stm32cube.ide.mcu.externaltools.gnu-tools-for-stm32.12.3.rel1.macos64_1.0.200.202406191456/tools/bin/../lib/gcc/arm-none-eabi/12.3.1/thumb/v7-m/nofp/crtbegin.o

.ARM.extab      0x0800244c        0x0
                0x0800244c                        . = ALIGN (0x4)
 *(.ARM.extab* .gnu.linkonce.armextab.*)
                0x0800244c                        . = ALIGN (0x4)

.ARM            0x0800244c        0x0
                0x0800244c                        . = ALIGN (0x4)
                0x0800244c                        __exidx_start = .
 *(.ARM.exidx*)
                0x0800244c                        __exidx_end = .
                0x0800244c                        . = ALIGN (0x4)

.preinit_array  0x0800244c        0x0
                0x0800244c                        . = ALIGN (0x4)
                0x0800244c                        PROVIDE (__preinit_array_start = .)
 *(.preinit_array*)
                0x0800244c                        PROVIDE (__preinit_array_end = .)
                0x0800244c                        . = ALIGN (0x4)

.init_array     0x0800244c        0x4
                0x0800244c                        . = ALIGN (0x4)
                0x0800244c                        PROVIDE (__init_array_start = .)
 *(SORT_BY_NAME(.init_array.*))
 *(.init_array*)
 .init_array    0x0800244c        0x4 /Applications/STM32CubeIDE.app/Contents/Eclipse/plugins/com.st.stm32cube.ide.mcu.externaltools.gnu-tools-for-stm32.12.3.rel1.macos64_1.0.200.202406191456/tools/bin/../lib/gcc/arm-none-eabi/12.3.1/thumb/v7-m/nofp/crtbegin.o
                0x08002450                        PROVIDE (__init_array_end = .)
                0x08002450                        . = ALIGN (0x4)

.fini_array     0x08002450        0x4
                0x08002450                        . = ALIGN (0x4)
                [!provide]                        PROVIDE (__fini_array_start = .)
 *(SORT_BY_NAME(.fini_array.*))
 *(.fini_array*)
 .fini_array    0x08002450        0x4 /Applications/STM32CubeIDE.app/Contents/Eclipse/plugins/com.st.stm32cube.ide.mcu.externaltools.gnu-tools-for-stm32.12.3.rel1.macos64_1.0.200.202406191456/tools/bin/../lib/gcc/arm-none-eabi/12.3.1/thumb/v7-m/nofp/crtbegin.o
                [!provide]                        PROVIDE (__fini_array_end = .)
                0x08002454                        . = ALIGN (0x4)
                0x08002454                        _sidata = LOADADDR (.data)

.data           0x20000000        0x0 load address 0x08002454
                0x20000000                        . = ALIGN (0x4)
                0x20000000                        _sdata = .
 *(.data)
 *(.data*)
 *(.RamFunc)
 *(.RamFunc*)
                0x20000000                        . = ALIGN (0x4)
                0x20000000                        _edata = .

.igot.plt       0x20000000        0x0 load address 0x08002454
 .igot.plt      0x20000000        0x0 /Applications/STM32CubeIDE.app/Contents/Eclipse/plugins/com.st.stm32cube.ide.mcu.externaltools.gnu-tools-for-stm32.12.3.rel1.macos64_1.0.200.202406191456/tools/bin/../lib/gcc/arm-none-eabi/12.3.1/thumb/v7-m/nofp/crtbegin.o
                0x20000000                        . = ALIGN (0x4)

.bss            0x20000000      0x140 load address 0x08002454
                0x20000000                        _sbss = .
                0x20000000                        __bss_start__ = _sbss
 *(.bss)
 .bss           0x20000000       0x1c /Applications/STM32CubeIDE.app/Contents/Eclipse/plugins/com.st.stm32cube.ide.mcu.externaltools.gnu-tools-for-stm32.12.3.rel1.macos64_1.0.200.202406191456/tools/bin/../lib/gcc/arm-none-eabi/12.3.1/thumb/v7-m/nofp/crtbegin.o
 *(.bss*)
 .bss.Callback_function
                0x2000001c        0x4 ./Src/MSYSTICK_program.o
                0x2000001c                Callback_function
 .bss.Copy_uint32DisArray_1
                0x20000020       0x10 ./Src/main.o
                0x20000020                Copy_uint32DisArray_1
 .bss.Copy_uint32DisArray_2
                0x20000030       0x10 ./Src/main.o
                0x20000030                Copy_uint32DisArray_2
 .bss.Global_ULTRA_8X_DISTANCE
                0x20000040       0x20 ./Src/main.o
                0x20000040                Global_ULTRA_8X_DISTANCE
 .bss.GLobal_CAN_Send_DATA_array
                0x20000060        0x7 ./Src/main.o
                0x20000060                GLobal_CAN_Send_DATA_array
 .bss.GLOBAL_REQ_PINS_VALUE
                0x20000067        0x1 ./Src/main.o
                0x20000067                GLOBAL_REQ_PINS_VALUE
 .bss.Tx_header_first_three
                0x20000068       0x18 ./Src/main.o
                0x20000068                Tx_header_first_three
 .bss.Tx_header_second_three
                0x20000080       0x18 ./Src/main.o
                0x20000080                Tx_header_second_three
 .bss.Tx_header_third_two
                0x20000098       0x18 ./Src/main.o
                0x20000098                Tx_header_third_two
 .bss.Tx_header_F
                0x200000b0       0x18 ./Src/main.o
                0x200000b0                Tx_header_F
 .bss.Tx_header_B
                0x200000c8       0x18 ./Src/main.o
                0x200000c8                Tx_header_B
 .bss.Tx_header_F_R
                0x200000e0       0x18 ./Src/main.o
                0x200000e0                Tx_header_F_R
 .bss.Tx_header_F_L
                0x200000f8       0x18 ./Src/main.o
                0x200000f8                Tx_header_F_L
 .bss.Tx_header_B_R
                0x20000110       0x18 ./Src/main.o
                0x20000110                Tx_header_B_R
 .bss.Tx_header_B_L
                0x20000128       0x18 ./Src/main.o
                0x20000128                Tx_header_B_L
 *(COMMON)
                0x20000140                        . = ALIGN (0x4)
                0x20000140                        _ebss = .
                0x20000140                        __bss_end__ = _ebss

._user_heap_stack
                0x20000140      0x600 load address 0x08002454
                0x20000140                        . = ALIGN (0x8)
                [!provide]                        PROVIDE (end = .)
                0x20000140                        PROVIDE (_end = .)
                0x20000340                        . = (. + _Min_Heap_Size)
 *fill*         0x20000140      0x200 
                0x20000740                        . = (. + _Min_Stack_Size)
 *fill*         0x20000340      0x400 
                0x20000740                        . = ALIGN (0x8)

/DISCARD/
 libc.a(*)
 libm.a(*)
 libgcc.a(*)

.ARM.attributes
                0x00000000       0x29
 *(.ARM.attributes)
 .ARM.attributes
                0x00000000       0x1d /Applications/STM32CubeIDE.app/Contents/Eclipse/plugins/com.st.stm32cube.ide.mcu.externaltools.gnu-tools-for-stm32.12.3.rel1.macos64_1.0.200.202406191456/tools/bin/../lib/gcc/arm-none-eabi/12.3.1/thumb/v7-m/nofp/crti.o
 .ARM.attributes
                0x0000001d       0x2d /Applications/STM32CubeIDE.app/Contents/Eclipse/plugins/com.st.stm32cube.ide.mcu.externaltools.gnu-tools-for-stm32.12.3.rel1.macos64_1.0.200.202406191456/tools/bin/../lib/gcc/arm-none-eabi/12.3.1/thumb/v7-m/nofp/crtbegin.o
 .ARM.attributes
                0x0000004a       0x2d ./Src/AFIO_program.o
 .ARM.attributes
                0x00000077       0x2d ./Src/CAN_program.o
 .ARM.attributes
                0x000000a4       0x2d ./Src/DIO_program.o
 .ARM.attributes
                0x000000d1       0x2d ./Src/GENRERALTIMERS_program.o
 .ARM.attributes
                0x000000fe       0x2d ./Src/MSYSTICK_program.o
 .ARM.attributes
                0x0000012b       0x2d ./Src/RCC_program.o
 .ARM.attributes
                0x00000158       0x2d ./Src/UART_program.o
 .ARM.attributes
                0x00000185       0x2d ./Src/ULTRASONIC_program.o
 .ARM.attributes
                0x000001b2       0x2d ./Src/main.o
 .ARM.attributes
                0x000001df       0x21 ./Startup/startup_stm32f103c8tx.o
 .ARM.attributes
                0x00000200       0x2d /Applications/STM32CubeIDE.app/Contents/Eclipse/plugins/com.st.stm32cube.ide.mcu.externaltools.gnu-tools-for-stm32.12.3.rel1.macos64_1.0.200.202406191456/tools/bin/../lib/gcc/arm-none-eabi/12.3.1/../../../../arm-none-eabi/lib/thumb/v7-m/nofp/libc_nano.a(libc_a-init.o)
 .ARM.attributes
                0x0000022d       0x1d /Applications/STM32CubeIDE.app/Contents/Eclipse/plugins/com.st.stm32cube.ide.mcu.externaltools.gnu-tools-for-stm32.12.3.rel1.macos64_1.0.200.202406191456/tools/bin/../lib/gcc/arm-none-eabi/12.3.1/thumb/v7-m/nofp/libgcc.a(_arm_addsubdf3.o)
 .ARM.attributes
                0x0000024a       0x1d /Applications/STM32CubeIDE.app/Contents/Eclipse/plugins/com.st.stm32cube.ide.mcu.externaltools.gnu-tools-for-stm32.12.3.rel1.macos64_1.0.200.202406191456/tools/bin/../lib/gcc/arm-none-eabi/12.3.1/thumb/v7-m/nofp/libgcc.a(_arm_muldivdf3.o)
 .ARM.attributes
                0x00000267       0x1d /Applications/STM32CubeIDE.app/Contents/Eclipse/plugins/com.st.stm32cube.ide.mcu.externaltools.gnu-tools-for-stm32.12.3.rel1.macos64_1.0.200.202406191456/tools/bin/../lib/gcc/arm-none-eabi/12.3.1/thumb/v7-m/nofp/libgcc.a(_arm_fixunsdfsi.o)
 .ARM.attributes
                0x00000284       0x1d /Applications/STM32CubeIDE.app/Contents/Eclipse/plugins/com.st.stm32cube.ide.mcu.externaltools.gnu-tools-for-stm32.12.3.rel1.macos64_1.0.200.202406191456/tools/bin/../lib/gcc/arm-none-eabi/12.3.1/thumb/v7-m/nofp/crtn.o
OUTPUT(ULTRASONIC_LAYER.elf elf32-littlearm)
LOAD linker stubs
LOAD /Applications/STM32CubeIDE.app/Contents/Eclipse/plugins/com.st.stm32cube.ide.mcu.externaltools.gnu-tools-for-stm32.12.3.rel1.macos64_1.0.200.202406191456/tools/bin/../lib/gcc/arm-none-eabi/12.3.1/../../../../arm-none-eabi/lib/thumb/v7-m/nofp/libc.a
LOAD /Applications/STM32CubeIDE.app/Contents/Eclipse/plugins/com.st.stm32cube.ide.mcu.externaltools.gnu-tools-for-stm32.12.3.rel1.macos64_1.0.200.202406191456/tools/bin/../lib/gcc/arm-none-eabi/12.3.1/../../../../arm-none-eabi/lib/thumb/v7-m/nofp/libm.a
LOAD /Applications/STM32CubeIDE.app/Contents/Eclipse/plugins/com.st.stm32cube.ide.mcu.externaltools.gnu-tools-for-stm32.12.3.rel1.macos64_1.0.200.202406191456/tools/bin/../lib/gcc/arm-none-eabi/12.3.1/thumb/v7-m/nofp/libgcc.a

.debug_info     0x00000000     0x1b56
 .debug_info    0x00000000      0x144 ./Src/AFIO_program.o
 .debug_info    0x00000144      0x681 ./Src/CAN_program.o
 .debug_info    0x000007c5      0x1c4 ./Src/DIO_program.o
 .debug_info    0x00000989      0x4b4 ./Src/GENRERALTIMERS_program.o
 .debug_info    0x00000e3d      0x1ef ./Src/MSYSTICK_program.o
 .debug_info    0x0000102c       0xdd ./Src/RCC_program.o
 .debug_info    0x00001109      0x245 ./Src/UART_program.o
 .debug_info    0x0000134e      0x2fa ./Src/ULTRASONIC_program.o
 .debug_info    0x00001648      0x4de ./Src/main.o
 .debug_info    0x00001b26       0x30 ./Startup/startup_stm32f103c8tx.o

.debug_abbrev   0x00000000      0xb2e
 .debug_abbrev  0x00000000       0xfa ./Src/AFIO_program.o
 .debug_abbrev  0x000000fa      0x1ff ./Src/CAN_program.o
 .debug_abbrev  0x000002f9       0xc5 ./Src/DIO_program.o
 .debug_abbrev  0x000003be      0x12e ./Src/GENRERALTIMERS_program.o
 .debug_abbrev  0x000004ec      0x107 ./Src/MSYSTICK_program.o
 .debug_abbrev  0x000005f3       0x91 ./Src/RCC_program.o
 .debug_abbrev  0x00000684      0x15f ./Src/UART_program.o
 .debug_abbrev  0x000007e3      0x16c ./Src/ULTRASONIC_program.o
 .debug_abbrev  0x0000094f      0x1bb ./Src/main.o
 .debug_abbrev  0x00000b0a       0x24 ./Startup/startup_stm32f103c8tx.o

.debug_aranges  0x00000000      0x2e0
 .debug_aranges
                0x00000000       0x30 ./Src/AFIO_program.o
 .debug_aranges
                0x00000030       0x48 ./Src/CAN_program.o
 .debug_aranges
                0x00000078       0x48 ./Src/DIO_program.o
 .debug_aranges
                0x000000c0       0x88 ./Src/GENRERALTIMERS_program.o
 .debug_aranges
                0x00000148       0x68 ./Src/MSYSTICK_program.o
 .debug_aranges
                0x000001b0       0x30 ./Src/RCC_program.o
 .debug_aranges
                0x000001e0       0x40 ./Src/UART_program.o
 .debug_aranges
                0x00000220       0x38 ./Src/ULTRASONIC_program.o
 .debug_aranges
                0x00000258       0x60 ./Src/main.o
 .debug_aranges
                0x000002b8       0x28 ./Startup/startup_stm32f103c8tx.o

.debug_rnglists
                0x00000000      0x215
 .debug_rnglists
                0x00000000       0x20 ./Src/AFIO_program.o
 .debug_rnglists
                0x00000020       0x35 ./Src/CAN_program.o
 .debug_rnglists
                0x00000055       0x33 ./Src/DIO_program.o
 .debug_rnglists
                0x00000088       0x6d ./Src/GENRERALTIMERS_program.o
 .debug_rnglists
                0x000000f5       0x49 ./Src/MSYSTICK_program.o
 .debug_rnglists
                0x0000013e       0x21 ./Src/RCC_program.o
 .debug_rnglists
                0x0000015f       0x2d ./Src/UART_program.o
 .debug_rnglists
                0x0000018c       0x29 ./Src/ULTRASONIC_program.o
 .debug_rnglists
                0x000001b5       0x47 ./Src/main.o
 .debug_rnglists
                0x000001fc       0x19 ./Startup/startup_stm32f103c8tx.o

.debug_macro    0x00000000     0x26d0
 .debug_macro   0x00000000       0x49 ./Src/AFIO_program.o
 .debug_macro   0x00000049      0xaae ./Src/AFIO_program.o
 .debug_macro   0x00000af7       0x2e ./Src/AFIO_program.o
 .debug_macro   0x00000b25       0x7c ./Src/AFIO_program.o
 .debug_macro   0x00000ba1       0x10 ./Src/AFIO_program.o
 .debug_macro   0x00000bb1      0x13c ./Src/AFIO_program.o
 .debug_macro   0x00000ced       0x51 ./Src/CAN_program.o
 .debug_macro   0x00000d3e      0x148 ./Src/CAN_program.o
 .debug_macro   0x00000e86      0x13c ./Src/CAN_program.o
 .debug_macro   0x00000fc2       0x3a ./Src/CAN_program.o
 .debug_macro   0x00000ffc       0x2e ./Src/CAN_program.o
 .debug_macro   0x0000102a       0x49 ./Src/DIO_program.o
 .debug_macro   0x00001073       0x9a ./Src/DIO_program.o
 .debug_macro   0x0000110d       0x46 ./Src/GENRERALTIMERS_program.o
 .debug_macro   0x00001153       0x64 ./Src/GENRERALTIMERS_program.o
 .debug_macro   0x000011b7       0xca ./Src/GENRERALTIMERS_program.o
 .debug_macro   0x00001281      0x10c ./Src/GENRERALTIMERS_program.o
 .debug_macro   0x0000138d       0x40 ./Src/MSYSTICK_program.o
 .debug_macro   0x000013cd       0x40 ./Src/MSYSTICK_program.o
 .debug_macro   0x0000140d       0x1c ./Src/MSYSTICK_program.o
 .debug_macro   0x00001429       0x3f ./Src/RCC_program.o
 .debug_macro   0x00001468      0x13c ./Src/RCC_program.o
 .debug_macro   0x000015a4       0x3a ./Src/RCC_program.o
 .debug_macro   0x000015de      0x13d ./Src/UART_program.o
 .debug_macro   0x0000171b       0x22 ./Src/UART_program.o
 .debug_macro   0x0000173d       0x5b ./Src/UART_program.o
 .debug_macro   0x00001798       0x24 ./Src/UART_program.o
 .debug_macro   0x000017bc       0x94 ./Src/UART_program.o
 .debug_macro   0x00001850       0x43 ./Src/UART_program.o
 .debug_macro   0x00001893       0x34 ./Src/UART_program.o
 .debug_macro   0x000018c7       0x16 ./Src/UART_program.o
 .debug_macro   0x000018dd       0x57 ./Src/UART_program.o
 .debug_macro   0x00001934       0x9e ./Src/UART_program.o
 .debug_macro   0x000019d2      0x369 ./Src/UART_program.o
 .debug_macro   0x00001d3b      0x10b ./Src/UART_program.o
 .debug_macro   0x00001e46       0x10 ./Src/UART_program.o
 .debug_macro   0x00001e56       0x16 ./Src/UART_program.o
 .debug_macro   0x00001e6c       0x43 ./Src/UART_program.o
 .debug_macro   0x00001eaf       0x34 ./Src/UART_program.o
 .debug_macro   0x00001ee3       0x10 ./Src/UART_program.o
 .debug_macro   0x00001ef3       0x58 ./Src/UART_program.o
 .debug_macro   0x00001f4b       0x8e ./Src/UART_program.o
 .debug_macro   0x00001fd9       0x1c ./Src/UART_program.o
 .debug_macro   0x00001ff5      0x177 ./Src/UART_program.o
 .debug_macro   0x0000216c       0x16 ./Src/UART_program.o
 .debug_macro   0x00002182       0x16 ./Src/UART_program.o
 .debug_macro   0x00002198      0x146 ./Src/UART_program.o
 .debug_macro   0x000022de       0x1c ./Src/UART_program.o
 .debug_macro   0x000022fa       0x46 ./Src/UART_program.o
 .debug_macro   0x00002340       0x2e ./Src/UART_program.o
 .debug_macro   0x0000236e       0x65 ./Src/ULTRASONIC_program.o
 .debug_macro   0x000023d3       0x46 ./Src/ULTRASONIC_program.o
 .debug_macro   0x00002419      0x11e ./Src/ULTRASONIC_program.o
 .debug_macro   0x00002537      0x199 ./Src/main.o

.debug_line     0x00000000     0x285c
 .debug_line    0x00000000      0x1f6 ./Src/AFIO_program.o
 .debug_line    0x000001f6      0x3c8 ./Src/CAN_program.o
 .debug_line    0x000005be      0x32a ./Src/DIO_program.o
 .debug_line    0x000008e8      0xb1b ./Src/GENRERALTIMERS_program.o
 .debug_line    0x00001403      0x201 ./Src/MSYSTICK_program.o
 .debug_line    0x00001604      0x14e ./Src/RCC_program.o
 .debug_line    0x00001752      0x6c0 ./Src/UART_program.o
 .debug_line    0x00001e12      0x3fa ./Src/ULTRASONIC_program.o
 .debug_line    0x0000220c      0x5d5 ./Src/main.o
 .debug_line    0x000027e1       0x7b ./Startup/startup_stm32f103c8tx.o

.debug_str      0x00000000     0xacbb
 .debug_str     0x00000000     0x32a7 ./Src/AFIO_program.o
                               0x3306 (size before relaxing)
 .debug_str     0x000032a7     0x10d5 ./Src/CAN_program.o
                               0x422e (size before relaxing)
 .debug_str     0x0000437c      0x523 ./Src/DIO_program.o
                               0x3bd1 (size before relaxing)
 .debug_str     0x0000489f      0xa62 ./Src/GENRERALTIMERS_program.o
                               0x3961 (size before relaxing)
 .debug_str     0x00005301      0x33e ./Src/MSYSTICK_program.o
                               0x3243 (size before relaxing)
 .debug_str     0x0000563f      0x523 ./Src/RCC_program.o
                               0x3671 (size before relaxing)
 .debug_str     0x00005b62     0x3fa5 ./Src/UART_program.o
                               0x6f4a (size before relaxing)
 .debug_str     0x00009b07      0x6e9 ./Src/ULTRASONIC_program.o
                               0x3f11 (size before relaxing)
 .debug_str     0x0000a1f0      0xa8c ./Src/main.o
                               0x4ff8 (size before relaxing)
 .debug_str     0x0000ac7c       0x3f ./Startup/startup_stm32f103c8tx.o
                                 0x85 (size before relaxing)

.comment        0x00000000       0x43
 .comment       0x00000000       0x43 ./Src/AFIO_program.o
                                 0x44 (size before relaxing)
 .comment       0x00000043       0x44 ./Src/CAN_program.o
 .comment       0x00000043       0x44 ./Src/DIO_program.o
 .comment       0x00000043       0x44 ./Src/GENRERALTIMERS_program.o
 .comment       0x00000043       0x44 ./Src/MSYSTICK_program.o
 .comment       0x00000043       0x44 ./Src/RCC_program.o
 .comment       0x00000043       0x44 ./Src/UART_program.o
 .comment       0x00000043       0x44 ./Src/ULTRASONIC_program.o
 .comment       0x00000043       0x44 ./Src/main.o

.debug_frame    0x00000000      0xa80
 .debug_frame   0x00000000       0x74 ./Src/AFIO_program.o
 .debug_frame   0x00000074       0xec ./Src/CAN_program.o
 .debug_frame   0x00000160       0xfc ./Src/DIO_program.o
 .debug_frame   0x0000025c      0x240 ./Src/GENRERALTIMERS_program.o
 .debug_frame   0x0000049c      0x174 ./Src/MSYSTICK_program.o
 .debug_frame   0x00000610       0x80 ./Src/RCC_program.o
 .debug_frame   0x00000690       0xd0 ./Src/UART_program.o
 .debug_frame   0x00000760       0xa8 ./Src/ULTRASONIC_program.o
 .debug_frame   0x00000808      0x12c ./Src/main.o
 .debug_frame   0x00000934       0x2c /Applications/STM32CubeIDE.app/Contents/Eclipse/plugins/com.st.stm32cube.ide.mcu.externaltools.gnu-tools-for-stm32.12.3.rel1.macos64_1.0.200.202406191456/tools/bin/../lib/gcc/arm-none-eabi/12.3.1/../../../../arm-none-eabi/lib/thumb/v7-m/nofp/libc_nano.a(libc_a-init.o)
 .debug_frame   0x00000960       0xac /Applications/STM32CubeIDE.app/Contents/Eclipse/plugins/com.st.stm32cube.ide.mcu.externaltools.gnu-tools-for-stm32.12.3.rel1.macos64_1.0.200.202406191456/tools/bin/../lib/gcc/arm-none-eabi/12.3.1/thumb/v7-m/nofp/libgcc.a(_arm_addsubdf3.o)
 .debug_frame   0x00000a0c       0x50 /Applications/STM32CubeIDE.app/Contents/Eclipse/plugins/com.st.stm32cube.ide.mcu.externaltools.gnu-tools-for-stm32.12.3.rel1.macos64_1.0.200.202406191456/tools/bin/../lib/gcc/arm-none-eabi/12.3.1/thumb/v7-m/nofp/libgcc.a(_arm_muldivdf3.o)
 .debug_frame   0x00000a5c       0x24 /Applications/STM32CubeIDE.app/Contents/Eclipse/plugins/com.st.stm32cube.ide.mcu.externaltools.gnu-tools-for-stm32.12.3.rel1.macos64_1.0.200.202406191456/tools/bin/../lib/gcc/arm-none-eabi/12.3.1/thumb/v7-m/nofp/libgcc.a(_arm_fixunsdfsi.o)

.debug_line_str
                0x00000000       0x69
 .debug_line_str
                0x00000000       0x69 ./Startup/startup_stm32f103c8tx.o
