Archive member included to satisfy reference by file (symbol)

c:/st/stm32cubeide_1.10.1/stm32cubeide/plugins/com.st.stm32cube.ide.mcu.externaltools.gnu-tools-for-stm32.10.3-2021.10.win32_1.0.0.202111181127/tools/bin/../lib/gcc/arm-none-eabi/10.3.1/../../../../arm-none-eabi/lib/thumb/v7-m/nofp\libc_nano.a(lib_a-errno.o)
                              ./Src/syscalls.o (__errno)
c:/st/stm32cubeide_1.10.1/stm32cubeide/plugins/com.st.stm32cube.ide.mcu.externaltools.gnu-tools-for-stm32.10.3-2021.10.win32_1.0.0.202111181127/tools/bin/../lib/gcc/arm-none-eabi/10.3.1/../../../../arm-none-eabi/lib/thumb/v7-m/nofp\libc_nano.a(lib_a-exit.o)
                              c:/st/stm32cubeide_1.10.1/stm32cubeide/plugins/com.st.stm32cube.ide.mcu.externaltools.gnu-tools-for-stm32.10.3-2021.10.win32_1.0.0.202111181127/tools/bin/../lib/gcc/arm-none-eabi/10.3.1/../../../../arm-none-eabi/lib/thumb/v7-m/nofp/crt0.o (exit)
c:/st/stm32cubeide_1.10.1/stm32cubeide/plugins/com.st.stm32cube.ide.mcu.externaltools.gnu-tools-for-stm32.10.3-2021.10.win32_1.0.0.202111181127/tools/bin/../lib/gcc/arm-none-eabi/10.3.1/../../../../arm-none-eabi/lib/thumb/v7-m/nofp\libc_nano.a(lib_a-impure.o)
                              c:/st/stm32cubeide_1.10.1/stm32cubeide/plugins/com.st.stm32cube.ide.mcu.externaltools.gnu-tools-for-stm32.10.3-2021.10.win32_1.0.0.202111181127/tools/bin/../lib/gcc/arm-none-eabi/10.3.1/../../../../arm-none-eabi/lib/thumb/v7-m/nofp\libc_nano.a(lib_a-exit.o) (_global_impure_ptr)
c:/st/stm32cubeide_1.10.1/stm32cubeide/plugins/com.st.stm32cube.ide.mcu.externaltools.gnu-tools-for-stm32.10.3-2021.10.win32_1.0.0.202111181127/tools/bin/../lib/gcc/arm-none-eabi/10.3.1/../../../../arm-none-eabi/lib/thumb/v7-m/nofp\libc_nano.a(lib_a-init.o)
                              c:/st/stm32cubeide_1.10.1/stm32cubeide/plugins/com.st.stm32cube.ide.mcu.externaltools.gnu-tools-for-stm32.10.3-2021.10.win32_1.0.0.202111181127/tools/bin/../lib/gcc/arm-none-eabi/10.3.1/../../../../arm-none-eabi/lib/thumb/v7-m/nofp/crt0.o (__libc_init_array)
c:/st/stm32cubeide_1.10.1/stm32cubeide/plugins/com.st.stm32cube.ide.mcu.externaltools.gnu-tools-for-stm32.10.3-2021.10.win32_1.0.0.202111181127/tools/bin/../lib/gcc/arm-none-eabi/10.3.1/../../../../arm-none-eabi/lib/thumb/v7-m/nofp\libc_nano.a(lib_a-memset.o)
                              c:/st/stm32cubeide_1.10.1/stm32cubeide/plugins/com.st.stm32cube.ide.mcu.externaltools.gnu-tools-for-stm32.10.3-2021.10.win32_1.0.0.202111181127/tools/bin/../lib/gcc/arm-none-eabi/10.3.1/../../../../arm-none-eabi/lib/thumb/v7-m/nofp/crt0.o (memset)

Discarded input sections

 .text          0x0000000000000000        0x0 c:/st/stm32cubeide_1.10.1/stm32cubeide/plugins/com.st.stm32cube.ide.mcu.externaltools.gnu-tools-for-stm32.10.3-2021.10.win32_1.0.0.202111181127/tools/bin/../lib/gcc/arm-none-eabi/10.3.1/thumb/v7-m/nofp/crti.o
 .data          0x0000000000000000        0x0 c:/st/stm32cubeide_1.10.1/stm32cubeide/plugins/com.st.stm32cube.ide.mcu.externaltools.gnu-tools-for-stm32.10.3-2021.10.win32_1.0.0.202111181127/tools/bin/../lib/gcc/arm-none-eabi/10.3.1/thumb/v7-m/nofp/crti.o
 .bss           0x0000000000000000        0x0 c:/st/stm32cubeide_1.10.1/stm32cubeide/plugins/com.st.stm32cube.ide.mcu.externaltools.gnu-tools-for-stm32.10.3-2021.10.win32_1.0.0.202111181127/tools/bin/../lib/gcc/arm-none-eabi/10.3.1/thumb/v7-m/nofp/crti.o
 .data          0x0000000000000000        0x4 c:/st/stm32cubeide_1.10.1/stm32cubeide/plugins/com.st.stm32cube.ide.mcu.externaltools.gnu-tools-for-stm32.10.3-2021.10.win32_1.0.0.202111181127/tools/bin/../lib/gcc/arm-none-eabi/10.3.1/thumb/v7-m/nofp/crtbegin.o
 .rodata        0x0000000000000000       0x24 c:/st/stm32cubeide_1.10.1/stm32cubeide/plugins/com.st.stm32cube.ide.mcu.externaltools.gnu-tools-for-stm32.10.3-2021.10.win32_1.0.0.202111181127/tools/bin/../lib/gcc/arm-none-eabi/10.3.1/thumb/v7-m/nofp/crtbegin.o
 .text          0x0000000000000000       0x7c c:/st/stm32cubeide_1.10.1/stm32cubeide/plugins/com.st.stm32cube.ide.mcu.externaltools.gnu-tools-for-stm32.10.3-2021.10.win32_1.0.0.202111181127/tools/bin/../lib/gcc/arm-none-eabi/10.3.1/../../../../arm-none-eabi/lib/thumb/v7-m/nofp/crt0.o
 .data          0x0000000000000000        0x0 c:/st/stm32cubeide_1.10.1/stm32cubeide/plugins/com.st.stm32cube.ide.mcu.externaltools.gnu-tools-for-stm32.10.3-2021.10.win32_1.0.0.202111181127/tools/bin/../lib/gcc/arm-none-eabi/10.3.1/../../../../arm-none-eabi/lib/thumb/v7-m/nofp/crt0.o
 .bss           0x0000000000000000        0x0 c:/st/stm32cubeide_1.10.1/stm32cubeide/plugins/com.st.stm32cube.ide.mcu.externaltools.gnu-tools-for-stm32.10.3-2021.10.win32_1.0.0.202111181127/tools/bin/../lib/gcc/arm-none-eabi/10.3.1/../../../../arm-none-eabi/lib/thumb/v7-m/nofp/crt0.o
 .ARM.extab     0x0000000000000000        0x0 c:/st/stm32cubeide_1.10.1/stm32cubeide/plugins/com.st.stm32cube.ide.mcu.externaltools.gnu-tools-for-stm32.10.3-2021.10.win32_1.0.0.202111181127/tools/bin/../lib/gcc/arm-none-eabi/10.3.1/../../../../arm-none-eabi/lib/thumb/v7-m/nofp/crt0.o
 .ARM.exidx     0x0000000000000000       0x10 c:/st/stm32cubeide_1.10.1/stm32cubeide/plugins/com.st.stm32cube.ide.mcu.externaltools.gnu-tools-for-stm32.10.3-2021.10.win32_1.0.0.202111181127/tools/bin/../lib/gcc/arm-none-eabi/10.3.1/../../../../arm-none-eabi/lib/thumb/v7-m/nofp/crt0.o
 .ARM.attributes
                0x0000000000000000       0x1b c:/st/stm32cubeide_1.10.1/stm32cubeide/plugins/com.st.stm32cube.ide.mcu.externaltools.gnu-tools-for-stm32.10.3-2021.10.win32_1.0.0.202111181127/tools/bin/../lib/gcc/arm-none-eabi/10.3.1/../../../../arm-none-eabi/lib/thumb/v7-m/nofp/crt0.o
 .group         0x0000000000000000        0xc ./Src/AFIO_program.o
 .group         0x0000000000000000        0xc ./Src/AFIO_program.o
 .group         0x0000000000000000        0xc ./Src/AFIO_program.o
 .group         0x0000000000000000        0xc ./Src/AFIO_program.o
 .group         0x0000000000000000        0xc ./Src/AFIO_program.o
 .text          0x0000000000000000        0x0 ./Src/AFIO_program.o
 .data          0x0000000000000000        0x0 ./Src/AFIO_program.o
 .bss           0x0000000000000000        0x0 ./Src/AFIO_program.o
 .text.MAFIO_voidInitAFIO
                0x0000000000000000       0x14 ./Src/AFIO_program.o
 .text.MAFIO_voidSetEXTIConfiguration
                0x0000000000000000      0x108 ./Src/AFIO_program.o
 .debug_info    0x0000000000000000      0x144 ./Src/AFIO_program.o
 .debug_abbrev  0x0000000000000000       0xe2 ./Src/AFIO_program.o
 .debug_loc     0x0000000000000000       0x88 ./Src/AFIO_program.o
 .debug_aranges
                0x0000000000000000       0x28 ./Src/AFIO_program.o
 .debug_ranges  0x0000000000000000       0x18 ./Src/AFIO_program.o
 .debug_macro   0x0000000000000000       0x49 ./Src/AFIO_program.o
 .debug_macro   0x0000000000000000      0xa72 ./Src/AFIO_program.o
 .debug_macro   0x0000000000000000       0x22 ./Src/AFIO_program.o
 .debug_macro   0x0000000000000000       0x7c ./Src/AFIO_program.o
 .debug_macro   0x0000000000000000       0x10 ./Src/AFIO_program.o
 .debug_macro   0x0000000000000000      0x13c ./Src/AFIO_program.o
 .debug_line    0x0000000000000000      0x16a ./Src/AFIO_program.o
 .debug_str     0x0000000000000000     0x317d ./Src/AFIO_program.o
 .comment       0x0000000000000000       0x51 ./Src/AFIO_program.o
 .debug_frame   0x0000000000000000       0x54 ./Src/AFIO_program.o
 .ARM.attributes
                0x0000000000000000       0x2d ./Src/AFIO_program.o
 .group         0x0000000000000000        0xc ./Src/DIO_program.o
 .group         0x0000000000000000        0xc ./Src/DIO_program.o
 .group         0x0000000000000000        0xc ./Src/DIO_program.o
 .group         0x0000000000000000        0xc ./Src/DIO_program.o
 .group         0x0000000000000000        0xc ./Src/DIO_program.o
 .text          0x0000000000000000        0x0 ./Src/DIO_program.o
 .data          0x0000000000000000        0x0 ./Src/DIO_program.o
 .bss           0x0000000000000000        0x0 ./Src/DIO_program.o
 .text.MDIO_uint8Read_D_pin
                0x0000000000000000       0x78 ./Src/DIO_program.o
 .text.MDIO_voidSET_NRMR_pin
                0x0000000000000000       0x4c ./Src/DIO_program.o
 .text.MDIO_voidCLR_NRMR_pin
                0x0000000000000000       0x4c ./Src/DIO_program.o
 .debug_macro   0x0000000000000000      0xa72 ./Src/DIO_program.o
 .debug_macro   0x0000000000000000       0x22 ./Src/DIO_program.o
 .debug_macro   0x0000000000000000      0x13c ./Src/DIO_program.o
 .group         0x0000000000000000        0xc ./Src/EXTI_program.o
 .group         0x0000000000000000        0xc ./Src/EXTI_program.o
 .group         0x0000000000000000        0xc ./Src/EXTI_program.o
 .group         0x0000000000000000        0xc ./Src/EXTI_program.o
 .group         0x0000000000000000        0xc ./Src/EXTI_program.o
 .group         0x0000000000000000        0xc ./Src/EXTI_program.o
 .text          0x0000000000000000        0x0 ./Src/EXTI_program.o
 .data          0x0000000000000000        0x0 ./Src/EXTI_program.o
 .bss           0x0000000000000000        0x0 ./Src/EXTI_program.o
 .text.MEXTI_voidInit
                0x0000000000000000      0x1fc ./Src/EXTI_program.o
 .text.MEXTI_voidEnable
                0x0000000000000000       0x78 ./Src/EXTI_program.o
 .text.MEXTI_voiddisable
                0x0000000000000000       0x7c ./Src/EXTI_program.o
 .text.MEXTI_voidTriggerSW
                0x0000000000000000       0x78 ./Src/EXTI_program.o
 .debug_info    0x0000000000000000      0x1c0 ./Src/EXTI_program.o
 .debug_abbrev  0x0000000000000000       0xe1 ./Src/EXTI_program.o
 .debug_loc     0x0000000000000000      0x164 ./Src/EXTI_program.o
 .debug_aranges
                0x0000000000000000       0x38 ./Src/EXTI_program.o
 .debug_ranges  0x0000000000000000       0x28 ./Src/EXTI_program.o
 .debug_macro   0x0000000000000000       0x52 ./Src/EXTI_program.o
 .debug_macro   0x0000000000000000      0xa72 ./Src/EXTI_program.o
 .debug_macro   0x0000000000000000       0x22 ./Src/EXTI_program.o
 .debug_macro   0x0000000000000000       0xee ./Src/EXTI_program.o
 .debug_macro   0x0000000000000000       0x10 ./Src/EXTI_program.o
 .debug_macro   0x0000000000000000      0x172 ./Src/EXTI_program.o
 .debug_macro   0x0000000000000000       0x7c ./Src/EXTI_program.o
 .debug_line    0x0000000000000000      0x1f9 ./Src/EXTI_program.o
 .debug_str     0x0000000000000000     0x34f8 ./Src/EXTI_program.o
 .comment       0x0000000000000000       0x51 ./Src/EXTI_program.o
 .debug_frame   0x0000000000000000       0xac ./Src/EXTI_program.o
 .ARM.attributes
                0x0000000000000000       0x2d ./Src/EXTI_program.o
 .group         0x0000000000000000        0xc ./Src/GENRERALTIMERS_program.o
 .group         0x0000000000000000        0xc ./Src/GENRERALTIMERS_program.o
 .group         0x0000000000000000        0xc ./Src/GENRERALTIMERS_program.o
 .group         0x0000000000000000        0xc ./Src/GENRERALTIMERS_program.o
 .group         0x0000000000000000        0xc ./Src/GENRERALTIMERS_program.o
 .text          0x0000000000000000        0x0 ./Src/GENRERALTIMERS_program.o
 .data          0x0000000000000000        0x0 ./Src/GENRERALTIMERS_program.o
 .bss           0x0000000000000000        0x0 ./Src/GENRERALTIMERS_program.o
 .text.MTimer_voidInitMode
                0x0000000000000000      0x174 ./Src/GENRERALTIMERS_program.o
 .text.MTimer_voidIntiateuSDelayHold
                0x0000000000000000      0x108 ./Src/GENRERALTIMERS_program.o
 .text.MTimer_voidIntiatemSDelayHold
                0x0000000000000000      0x110 ./Src/GENRERALTIMERS_program.o
 .text.MTimer_voidEnableuSDelayInterrupt_once
                0x0000000000000000       0xe4 ./Src/GENRERALTIMERS_program.o
 .text.MTimer_voidmSEnableDelayInterrupt_once
                0x0000000000000000       0xe4 ./Src/GENRERALTIMERS_program.o
 .text.MTimer_voidEnableuSDelayInterrupt_repeat
                0x0000000000000000       0xe4 ./Src/GENRERALTIMERS_program.o
 .text.MTimer_voidmSEnableDelayInterrupt_repeat
                0x0000000000000000       0xe4 ./Src/GENRERALTIMERS_program.o
 .text.MTimer_voidEnable
                0x0000000000000000       0x5c ./Src/GENRERALTIMERS_program.o
 .text.MTimer_voidDisable
                0x0000000000000000       0x5c ./Src/GENRERALTIMERS_program.o
 .text.MTIMER_SetPwm_CH_DutyCycle
                0x0000000000000000      0x478 ./Src/GENRERALTIMERS_program.o
 .text.MTIMER_DISABLEPwm_CH_DutyCycle
                0x0000000000000000      0x200 ./Src/GENRERALTIMERS_program.o
 .debug_macro   0x0000000000000000      0xa72 ./Src/GENRERALTIMERS_program.o
 .debug_macro   0x0000000000000000       0x22 ./Src/GENRERALTIMERS_program.o
 .group         0x0000000000000000        0xc ./Src/MDMA_program.o
 .group         0x0000000000000000        0xc ./Src/MDMA_program.o
 .group         0x0000000000000000        0xc ./Src/MDMA_program.o
 .group         0x0000000000000000        0xc ./Src/MDMA_program.o
 .text          0x0000000000000000        0x0 ./Src/MDMA_program.o
 .data          0x0000000000000000        0x0 ./Src/MDMA_program.o
 .bss           0x0000000000000000        0x0 ./Src/MDMA_program.o
 .text.MDMA_voidInitChannel
                0x0000000000000000      0x400 ./Src/MDMA_program.o
 .text.MDMA_voidEnableChannel
                0x0000000000000000       0x40 ./Src/MDMA_program.o
 .text.MDMA_voidDisableChannel
                0x0000000000000000       0x40 ./Src/MDMA_program.o
 .debug_info    0x0000000000000000      0x261 ./Src/MDMA_program.o
 .debug_abbrev  0x0000000000000000       0xd5 ./Src/MDMA_program.o
 .debug_loc     0x0000000000000000      0x114 ./Src/MDMA_program.o
 .debug_aranges
                0x0000000000000000       0x30 ./Src/MDMA_program.o
 .debug_ranges  0x0000000000000000       0x20 ./Src/MDMA_program.o
 .debug_macro   0x0000000000000000       0x40 ./Src/MDMA_program.o
 .debug_macro   0x0000000000000000      0xa72 ./Src/MDMA_program.o
 .debug_macro   0x0000000000000000       0x22 ./Src/MDMA_program.o
 .debug_macro   0x0000000000000000       0xa0 ./Src/MDMA_program.o
 .debug_macro   0x0000000000000000       0x16 ./Src/MDMA_program.o
 .debug_line    0x0000000000000000      0x16d ./Src/MDMA_program.o
 .debug_str     0x0000000000000000     0x3191 ./Src/MDMA_program.o
 .comment       0x0000000000000000       0x51 ./Src/MDMA_program.o
 .debug_frame   0x0000000000000000       0x88 ./Src/MDMA_program.o
 .ARM.attributes
                0x0000000000000000       0x2d ./Src/MDMA_program.o
 .group         0x0000000000000000        0xc ./Src/MNVIC_program.o
 .group         0x0000000000000000        0xc ./Src/MNVIC_program.o
 .group         0x0000000000000000        0xc ./Src/MNVIC_program.o
 .group         0x0000000000000000        0xc ./Src/MNVIC_program.o
 .group         0x0000000000000000        0xc ./Src/MNVIC_program.o
 .text          0x0000000000000000        0x0 ./Src/MNVIC_program.o
 .data          0x0000000000000000        0x0 ./Src/MNVIC_program.o
 .bss           0x0000000000000000        0x0 ./Src/MNVIC_program.o
 .text.MNVIC_voidEnableInterrupt
                0x0000000000000000       0x4c ./Src/MNVIC_program.o
 .text.MNVIC_voidDisableInterrupt
                0x0000000000000000       0x4c ./Src/MNVIC_program.o
 .text.MNVIC_voidSetPendingFlag
                0x0000000000000000       0x4c ./Src/MNVIC_program.o
 .text.MNVIC_voidClearPendingFlag
                0x0000000000000000       0x4c ./Src/MNVIC_program.o
 .text.MNVIC_uint8GetActiveFlag
                0x0000000000000000       0x5c ./Src/MNVIC_program.o
 .text.MNVIC_voidSetPeriorty
                0x0000000000000000       0x4c ./Src/MNVIC_program.o
 .debug_info    0x0000000000000000      0x17b ./Src/MNVIC_program.o
 .debug_abbrev  0x0000000000000000       0x98 ./Src/MNVIC_program.o
 .debug_loc     0x0000000000000000      0x228 ./Src/MNVIC_program.o
 .debug_aranges
                0x0000000000000000       0x48 ./Src/MNVIC_program.o
 .debug_ranges  0x0000000000000000       0x38 ./Src/MNVIC_program.o
 .debug_macro   0x0000000000000000       0x3f ./Src/MNVIC_program.o
 .debug_macro   0x0000000000000000      0xa72 ./Src/MNVIC_program.o
 .debug_macro   0x0000000000000000       0x22 ./Src/MNVIC_program.o
 .debug_macro   0x0000000000000000      0x172 ./Src/MNVIC_program.o
 .debug_macro   0x0000000000000000       0x5e ./Src/MNVIC_program.o
 .debug_macro   0x0000000000000000       0x2e ./Src/MNVIC_program.o
 .debug_line    0x0000000000000000      0x1cc ./Src/MNVIC_program.o
 .debug_str     0x0000000000000000     0x365e ./Src/MNVIC_program.o
 .comment       0x0000000000000000       0x51 ./Src/MNVIC_program.o
 .debug_frame   0x0000000000000000      0x100 ./Src/MNVIC_program.o
 .ARM.attributes
                0x0000000000000000       0x2d ./Src/MNVIC_program.o
 .group         0x0000000000000000        0xc ./Src/MSYSTICK_program.o
 .group         0x0000000000000000        0xc ./Src/MSYSTICK_program.o
 .group         0x0000000000000000        0xc ./Src/MSYSTICK_program.o
 .text          0x0000000000000000        0x0 ./Src/MSYSTICK_program.o
 .data          0x0000000000000000        0x0 ./Src/MSYSTICK_program.o
 .bss           0x0000000000000000        0x0 ./Src/MSYSTICK_program.o
 .bss.Global_ORIGINAL_TICKS
                0x0000000000000000        0x4 ./Src/MSYSTICK_program.o
 .bss.Global_uint8PeriodicCheckBit
                0x0000000000000000        0x1 ./Src/MSYSTICK_program.o
 .text.MSYSTICK_voidSetIntervalSingle
                0x0000000000000000       0x38 ./Src/MSYSTICK_program.o
 .text.MSYSTICK_voidSetIntervalPeriodic
                0x0000000000000000       0x5c ./Src/MSYSTICK_program.o
 .text.MSYSTICK_voidStopInterval
                0x0000000000000000       0x18 ./Src/MSYSTICK_program.o
 .text.MSYSTICK_uint32GetElapsedTime
                0x0000000000000000       0x14 ./Src/MSYSTICK_program.o
 .text.MSYSTICK_uint32GetRemainingTime
                0x0000000000000000       0x20 ./Src/MSYSTICK_program.o
 .text.MSYSTICK_voidDelay_MS
                0x0000000000000000       0x22 ./Src/MSYSTICK_program.o
 .text.MSYSTICK_voidDelay_uS
                0x0000000000000000       0x16 ./Src/MSYSTICK_program.o
 .debug_macro   0x0000000000000000      0xa72 ./Src/MSYSTICK_program.o
 .debug_macro   0x0000000000000000       0x22 ./Src/MSYSTICK_program.o
 .group         0x0000000000000000        0xc ./Src/RCC_program.o
 .group         0x0000000000000000        0xc ./Src/RCC_program.o
 .group         0x0000000000000000        0xc ./Src/RCC_program.o
 .group         0x0000000000000000        0xc ./Src/RCC_program.o
 .group         0x0000000000000000        0xc ./Src/RCC_program.o
 .text          0x0000000000000000        0x0 ./Src/RCC_program.o
 .data          0x0000000000000000        0x0 ./Src/RCC_program.o
 .bss           0x0000000000000000        0x0 ./Src/RCC_program.o
 .text.MRCC_voidDisableClock
                0x0000000000000000       0x84 ./Src/RCC_program.o
 .debug_macro   0x0000000000000000      0xa72 ./Src/RCC_program.o
 .debug_macro   0x0000000000000000       0x22 ./Src/RCC_program.o
 .debug_macro   0x0000000000000000      0x13c ./Src/RCC_program.o
 .group         0x0000000000000000        0xc ./Src/SPI_program.o
 .group         0x0000000000000000        0xc ./Src/SPI_program.o
 .group         0x0000000000000000        0xc ./Src/SPI_program.o
 .group         0x0000000000000000        0xc ./Src/SPI_program.o
 .group         0x0000000000000000        0xc ./Src/SPI_program.o
 .text          0x0000000000000000        0x0 ./Src/SPI_program.o
 .data          0x0000000000000000        0x0 ./Src/SPI_program.o
 .bss           0x0000000000000000        0x0 ./Src/SPI_program.o
 .text.MSPI_voidInit
                0x0000000000000000       0x20 ./Src/SPI_program.o
 .text.MSPI_uint32EnableTranceive
                0x0000000000000000       0xa0 ./Src/SPI_program.o
 .debug_info    0x0000000000000000      0x16f ./Src/SPI_program.o
 .debug_abbrev  0x0000000000000000       0xc5 ./Src/SPI_program.o
 .debug_loc     0x0000000000000000       0xb8 ./Src/SPI_program.o
 .debug_aranges
                0x0000000000000000       0x28 ./Src/SPI_program.o
 .debug_ranges  0x0000000000000000       0x18 ./Src/SPI_program.o
 .debug_macro   0x0000000000000000       0x3f ./Src/SPI_program.o
 .debug_macro   0x0000000000000000      0xa72 ./Src/SPI_program.o
 .debug_macro   0x0000000000000000       0x22 ./Src/SPI_program.o
 .debug_macro   0x0000000000000000       0x16 ./Src/SPI_program.o
 .debug_macro   0x0000000000000000       0x5e ./Src/SPI_program.o
 .debug_macro   0x0000000000000000       0x2e ./Src/SPI_program.o
 .debug_line    0x0000000000000000      0x11c ./Src/SPI_program.o
 .debug_str     0x0000000000000000     0x2fe3 ./Src/SPI_program.o
 .comment       0x0000000000000000       0x51 ./Src/SPI_program.o
 .debug_frame   0x0000000000000000       0x60 ./Src/SPI_program.o
 .ARM.attributes
                0x0000000000000000       0x2d ./Src/SPI_program.o
 .group         0x0000000000000000        0xc ./Src/UART_program.o
 .group         0x0000000000000000        0xc ./Src/UART_program.o
 .group         0x0000000000000000        0xc ./Src/UART_program.o
 .group         0x0000000000000000        0xc ./Src/UART_program.o
 .group         0x0000000000000000        0xc ./Src/UART_program.o
 .text          0x0000000000000000        0x0 ./Src/UART_program.o
 .data          0x0000000000000000        0x0 ./Src/UART_program.o
 .bss           0x0000000000000000        0x0 ./Src/UART_program.o
 .text.MUSART_voidInit
                0x0000000000000000       0xcc ./Src/UART_program.o
 .text.MUSART_voidSendByte
                0x0000000000000000       0xcc ./Src/UART_program.o
 .text.MUSART_uint8ReceiveByte
                0x0000000000000000       0xc8 ./Src/UART_program.o
 .text.MUSART_voidSendWord
                0x0000000000000000       0x40 ./Src/UART_program.o
 .debug_info    0x0000000000000000      0x1c9 ./Src/UART_program.o
 .debug_abbrev  0x0000000000000000      0x117 ./Src/UART_program.o
 .debug_loc     0x0000000000000000      0x164 ./Src/UART_program.o
 .debug_aranges
                0x0000000000000000       0x38 ./Src/UART_program.o
 .debug_ranges  0x0000000000000000       0x28 ./Src/UART_program.o
 .debug_macro   0x0000000000000000       0x3f ./Src/UART_program.o
 .debug_macro   0x0000000000000000      0xa72 ./Src/UART_program.o
 .debug_macro   0x0000000000000000       0x22 ./Src/UART_program.o
 .debug_macro   0x0000000000000000       0x1c ./Src/UART_program.o
 .debug_macro   0x0000000000000000       0x46 ./Src/UART_program.o
 .debug_macro   0x0000000000000000       0x2e ./Src/UART_program.o
 .debug_line    0x0000000000000000      0x1e3 ./Src/UART_program.o
 .debug_str     0x0000000000000000     0x2fb9 ./Src/UART_program.o
 .comment       0x0000000000000000       0x51 ./Src/UART_program.o
 .debug_frame   0x0000000000000000       0xac ./Src/UART_program.o
 .ARM.attributes
                0x0000000000000000       0x2d ./Src/UART_program.o
 .group         0x0000000000000000        0xc ./Src/main.o
 .group         0x0000000000000000        0xc ./Src/main.o
 .group         0x0000000000000000        0xc ./Src/main.o
 .group         0x0000000000000000        0xc ./Src/main.o
 .group         0x0000000000000000        0xc ./Src/main.o
 .group         0x0000000000000000        0xc ./Src/main.o
 .group         0x0000000000000000        0xc ./Src/main.o
 .group         0x0000000000000000        0xc ./Src/main.o
 .group         0x0000000000000000        0xc ./Src/main.o
 .group         0x0000000000000000        0xc ./Src/main.o
 .group         0x0000000000000000        0xc ./Src/main.o
 .group         0x0000000000000000        0xc ./Src/main.o
 .text          0x0000000000000000        0x0 ./Src/main.o
 .data          0x0000000000000000        0x0 ./Src/main.o
 .bss           0x0000000000000000        0x0 ./Src/main.o
 .bss.state     0x0000000000000000        0x4 ./Src/main.o
 .debug_macro   0x0000000000000000      0xa72 ./Src/main.o
 .debug_macro   0x0000000000000000       0x22 ./Src/main.o
 .debug_macro   0x0000000000000000      0x13c ./Src/main.o
 .debug_macro   0x0000000000000000      0x148 ./Src/main.o
 .debug_macro   0x0000000000000000       0x64 ./Src/main.o
 .debug_macro   0x0000000000000000      0x172 ./Src/main.o
 .group         0x0000000000000000        0xc ./Src/syscalls.o
 .group         0x0000000000000000        0xc ./Src/syscalls.o
 .group         0x0000000000000000        0xc ./Src/syscalls.o
 .group         0x0000000000000000        0xc ./Src/syscalls.o
 .group         0x0000000000000000        0xc ./Src/syscalls.o
 .group         0x0000000000000000        0xc ./Src/syscalls.o
 .group         0x0000000000000000        0xc ./Src/syscalls.o
 .group         0x0000000000000000        0xc ./Src/syscalls.o
 .group         0x0000000000000000        0xc ./Src/syscalls.o
 .group         0x0000000000000000        0xc ./Src/syscalls.o
 .group         0x0000000000000000        0xc ./Src/syscalls.o
 .group         0x0000000000000000        0xc ./Src/syscalls.o
 .group         0x0000000000000000        0xc ./Src/syscalls.o
 .group         0x0000000000000000        0xc ./Src/syscalls.o
 .group         0x0000000000000000        0xc ./Src/syscalls.o
 .group         0x0000000000000000        0xc ./Src/syscalls.o
 .group         0x0000000000000000        0xc ./Src/syscalls.o
 .group         0x0000000000000000        0xc ./Src/syscalls.o
 .group         0x0000000000000000        0xc ./Src/syscalls.o
 .group         0x0000000000000000        0xc ./Src/syscalls.o
 .group         0x0000000000000000        0xc ./Src/syscalls.o
 .group         0x0000000000000000        0xc ./Src/syscalls.o
 .group         0x0000000000000000        0xc ./Src/syscalls.o
 .group         0x0000000000000000        0xc ./Src/syscalls.o
 .group         0x0000000000000000        0xc ./Src/syscalls.o
 .group         0x0000000000000000        0xc ./Src/syscalls.o
 .group         0x0000000000000000        0xc ./Src/syscalls.o
 .group         0x0000000000000000        0xc ./Src/syscalls.o
 .group         0x0000000000000000        0xc ./Src/syscalls.o
 .group         0x0000000000000000        0xc ./Src/syscalls.o
 .group         0x0000000000000000        0xc ./Src/syscalls.o
 .group         0x0000000000000000        0xc ./Src/syscalls.o
 .group         0x0000000000000000        0xc ./Src/syscalls.o
 .group         0x0000000000000000        0xc ./Src/syscalls.o
 .group         0x0000000000000000        0xc ./Src/syscalls.o
 .group         0x0000000000000000        0xc ./Src/syscalls.o
 .group         0x0000000000000000        0xc ./Src/syscalls.o
 .group         0x0000000000000000        0xc ./Src/syscalls.o
 .group         0x0000000000000000        0xc ./Src/syscalls.o
 .group         0x0000000000000000        0xc ./Src/syscalls.o
 .group         0x0000000000000000        0xc ./Src/syscalls.o
 .group         0x0000000000000000        0xc ./Src/syscalls.o
 .group         0x0000000000000000        0xc ./Src/syscalls.o
 .group         0x0000000000000000        0xc ./Src/syscalls.o
 .group         0x0000000000000000        0xc ./Src/syscalls.o
 .group         0x0000000000000000        0xc ./Src/syscalls.o
 .group         0x0000000000000000        0xc ./Src/syscalls.o
 .text          0x0000000000000000        0x0 ./Src/syscalls.o
 .data          0x0000000000000000        0x0 ./Src/syscalls.o
 .bss           0x0000000000000000        0x0 ./Src/syscalls.o
 .bss.__env     0x0000000000000000        0x4 ./Src/syscalls.o
 .data.environ  0x0000000000000000        0x4 ./Src/syscalls.o
 .text.initialise_monitor_handles
                0x0000000000000000        0xc ./Src/syscalls.o
 .text._getpid  0x0000000000000000        0xe ./Src/syscalls.o
 .text._kill    0x0000000000000000       0x20 ./Src/syscalls.o
 .text._exit    0x0000000000000000       0x14 ./Src/syscalls.o
 .text._read    0x0000000000000000       0x3a ./Src/syscalls.o
 .text._write   0x0000000000000000       0x38 ./Src/syscalls.o
 .text._close   0x0000000000000000       0x16 ./Src/syscalls.o
 .text._fstat   0x0000000000000000       0x1e ./Src/syscalls.o
 .text._isatty  0x0000000000000000       0x14 ./Src/syscalls.o
 .text._lseek   0x0000000000000000       0x18 ./Src/syscalls.o
 .text._open    0x0000000000000000       0x1a ./Src/syscalls.o
 .text._wait    0x0000000000000000       0x1e ./Src/syscalls.o
 .text._unlink  0x0000000000000000       0x1e ./Src/syscalls.o
 .text._times   0x0000000000000000       0x16 ./Src/syscalls.o
 .text._stat    0x0000000000000000       0x1e ./Src/syscalls.o
 .text._link    0x0000000000000000       0x20 ./Src/syscalls.o
 .text._fork    0x0000000000000000       0x16 ./Src/syscalls.o
 .text._execve  0x0000000000000000       0x22 ./Src/syscalls.o
 .debug_info    0x0000000000000000      0x771 ./Src/syscalls.o
 .debug_abbrev  0x0000000000000000      0x1b5 ./Src/syscalls.o
 .debug_loc     0x0000000000000000      0x5b8 ./Src/syscalls.o
 .debug_aranges
                0x0000000000000000       0xa8 ./Src/syscalls.o
 .debug_ranges  0x0000000000000000       0x98 ./Src/syscalls.o
 .debug_macro   0x0000000000000000      0x24c ./Src/syscalls.o
 .debug_macro   0x0000000000000000      0xa72 ./Src/syscalls.o
 .debug_macro   0x0000000000000000       0x22 ./Src/syscalls.o
 .debug_macro   0x0000000000000000       0x4c ./Src/syscalls.o
 .debug_macro   0x0000000000000000       0x18 ./Src/syscalls.o
 .debug_macro   0x0000000000000000       0x94 ./Src/syscalls.o
 .debug_macro   0x0000000000000000       0x3c ./Src/syscalls.o
 .debug_macro   0x0000000000000000       0x34 ./Src/syscalls.o
 .debug_macro   0x0000000000000000       0x57 ./Src/syscalls.o
 .debug_macro   0x0000000000000000      0x174 ./Src/syscalls.o
 .debug_macro   0x0000000000000000      0x341 ./Src/syscalls.o
 .debug_macro   0x0000000000000000       0x16 ./Src/syscalls.o
 .debug_macro   0x0000000000000000       0x43 ./Src/syscalls.o
 .debug_macro   0x0000000000000000       0x34 ./Src/syscalls.o
 .debug_macro   0x0000000000000000       0x10 ./Src/syscalls.o
 .debug_macro   0x0000000000000000       0x58 ./Src/syscalls.o
 .debug_macro   0x0000000000000000       0x71 ./Src/syscalls.o
 .debug_macro   0x0000000000000000       0x1c ./Src/syscalls.o
 .debug_macro   0x0000000000000000      0x12a ./Src/syscalls.o
 .debug_macro   0x0000000000000000       0x10 ./Src/syscalls.o
 .debug_macro   0x0000000000000000       0x35 ./Src/syscalls.o
 .debug_macro   0x0000000000000000       0x10 ./Src/syscalls.o
 .debug_macro   0x0000000000000000       0x10 ./Src/syscalls.o
 .debug_macro   0x0000000000000000       0x10 ./Src/syscalls.o
 .debug_macro   0x0000000000000000       0x6a ./Src/syscalls.o
 .debug_macro   0x0000000000000000       0x1c ./Src/syscalls.o
 .debug_macro   0x0000000000000000       0x52 ./Src/syscalls.o
 .debug_macro   0x0000000000000000       0x22 ./Src/syscalls.o
 .debug_macro   0x0000000000000000       0x10 ./Src/syscalls.o
 .debug_macro   0x0000000000000000       0x52 ./Src/syscalls.o
 .debug_macro   0x0000000000000000       0xd5 ./Src/syscalls.o
 .debug_macro   0x0000000000000000       0x1c ./Src/syscalls.o
 .debug_macro   0x0000000000000000       0x3d ./Src/syscalls.o
 .debug_macro   0x0000000000000000       0x35 ./Src/syscalls.o
 .debug_macro   0x0000000000000000      0x12c ./Src/syscalls.o
 .debug_macro   0x0000000000000000       0x16 ./Src/syscalls.o
 .debug_macro   0x0000000000000000       0x16 ./Src/syscalls.o
 .debug_macro   0x0000000000000000       0x29 ./Src/syscalls.o
 .debug_macro   0x0000000000000000       0x10 ./Src/syscalls.o
 .debug_macro   0x0000000000000000      0x241 ./Src/syscalls.o
 .debug_macro   0x0000000000000000       0x1c ./Src/syscalls.o
 .debug_macro   0x0000000000000000       0x10 ./Src/syscalls.o
 .debug_macro   0x0000000000000000       0x10 ./Src/syscalls.o
 .debug_macro   0x0000000000000000       0x16 ./Src/syscalls.o
 .debug_macro   0x0000000000000000      0x145 ./Src/syscalls.o
 .debug_macro   0x0000000000000000      0x189 ./Src/syscalls.o
 .debug_macro   0x0000000000000000       0x16 ./Src/syscalls.o
 .debug_macro   0x0000000000000000       0xce ./Src/syscalls.o
 .debug_line    0x0000000000000000      0x7ef ./Src/syscalls.o
 .debug_str     0x0000000000000000     0x8a20 ./Src/syscalls.o
 .comment       0x0000000000000000       0x51 ./Src/syscalls.o
 .debug_frame   0x0000000000000000      0x2ac ./Src/syscalls.o
 .ARM.attributes
                0x0000000000000000       0x2d ./Src/syscalls.o
 .group         0x0000000000000000        0xc ./Src/sysmem.o
 .group         0x0000000000000000        0xc ./Src/sysmem.o
 .group         0x0000000000000000        0xc ./Src/sysmem.o
 .group         0x0000000000000000        0xc ./Src/sysmem.o
 .group         0x0000000000000000        0xc ./Src/sysmem.o
 .group         0x0000000000000000        0xc ./Src/sysmem.o
 .group         0x0000000000000000        0xc ./Src/sysmem.o
 .group         0x0000000000000000        0xc ./Src/sysmem.o
 .group         0x0000000000000000        0xc ./Src/sysmem.o
 .group         0x0000000000000000        0xc ./Src/sysmem.o
 .group         0x0000000000000000        0xc ./Src/sysmem.o
 .group         0x0000000000000000        0xc ./Src/sysmem.o
 .group         0x0000000000000000        0xc ./Src/sysmem.o
 .group         0x0000000000000000        0xc ./Src/sysmem.o
 .group         0x0000000000000000        0xc ./Src/sysmem.o
 .group         0x0000000000000000        0xc ./Src/sysmem.o
 .group         0x0000000000000000        0xc ./Src/sysmem.o
 .group         0x0000000000000000        0xc ./Src/sysmem.o
 .group         0x0000000000000000        0xc ./Src/sysmem.o
 .group         0x0000000000000000        0xc ./Src/sysmem.o
 .group         0x0000000000000000        0xc ./Src/sysmem.o
 .group         0x0000000000000000        0xc ./Src/sysmem.o
 .text          0x0000000000000000        0x0 ./Src/sysmem.o
 .data          0x0000000000000000        0x0 ./Src/sysmem.o
 .bss           0x0000000000000000        0x0 ./Src/sysmem.o
 .bss.__sbrk_heap_end
                0x0000000000000000        0x4 ./Src/sysmem.o
 .text._sbrk    0x0000000000000000       0x6c ./Src/sysmem.o
 .debug_info    0x0000000000000000      0x183 ./Src/sysmem.o
 .debug_abbrev  0x0000000000000000       0xbd ./Src/sysmem.o
 .debug_loc     0x0000000000000000       0x50 ./Src/sysmem.o
 .debug_aranges
                0x0000000000000000       0x20 ./Src/sysmem.o
 .debug_ranges  0x0000000000000000       0x10 ./Src/sysmem.o
 .debug_macro   0x0000000000000000       0xff ./Src/sysmem.o
 .debug_macro   0x0000000000000000      0xa72 ./Src/sysmem.o
 .debug_macro   0x0000000000000000       0x10 ./Src/sysmem.o
 .debug_macro   0x0000000000000000       0x22 ./Src/sysmem.o
 .debug_macro   0x0000000000000000       0x4c ./Src/sysmem.o
 .debug_macro   0x0000000000000000       0x18 ./Src/sysmem.o
 .debug_macro   0x0000000000000000       0x94 ./Src/sysmem.o
 .debug_macro   0x0000000000000000       0x3c ./Src/sysmem.o
 .debug_macro   0x0000000000000000       0x34 ./Src/sysmem.o
 .debug_macro   0x0000000000000000      0x174 ./Src/sysmem.o
 .debug_macro   0x0000000000000000       0x16 ./Src/sysmem.o
 .debug_macro   0x0000000000000000       0x43 ./Src/sysmem.o
 .debug_macro   0x0000000000000000       0x57 ./Src/sysmem.o
 .debug_macro   0x0000000000000000       0x34 ./Src/sysmem.o
 .debug_macro   0x0000000000000000       0x10 ./Src/sysmem.o
 .debug_macro   0x0000000000000000       0x58 ./Src/sysmem.o
 .debug_macro   0x0000000000000000       0x71 ./Src/sysmem.o
 .debug_macro   0x0000000000000000       0x1c ./Src/sysmem.o
 .debug_macro   0x0000000000000000      0x12a ./Src/sysmem.o
 .debug_macro   0x0000000000000000      0x23b ./Src/sysmem.o
 .debug_macro   0x0000000000000000      0x103 ./Src/sysmem.o
 .debug_macro   0x0000000000000000       0x6a ./Src/sysmem.o
 .debug_macro   0x0000000000000000      0x1df ./Src/sysmem.o
 .debug_line    0x0000000000000000      0x4e5 ./Src/sysmem.o
 .debug_str     0x0000000000000000     0x5d5c ./Src/sysmem.o
 .comment       0x0000000000000000       0x51 ./Src/sysmem.o
 .debug_frame   0x0000000000000000       0x34 ./Src/sysmem.o
 .ARM.attributes
                0x0000000000000000       0x2d ./Src/sysmem.o
 .text          0x0000000000000000       0x14 ./Startup/startup_stm32f103c8tx.o
 .data          0x0000000000000000        0x0 ./Startup/startup_stm32f103c8tx.o
 .bss           0x0000000000000000        0x0 ./Startup/startup_stm32f103c8tx.o
 .text          0x0000000000000000        0x0 c:/st/stm32cubeide_1.10.1/stm32cubeide/plugins/com.st.stm32cube.ide.mcu.externaltools.gnu-tools-for-stm32.10.3-2021.10.win32_1.0.0.202111181127/tools/bin/../lib/gcc/arm-none-eabi/10.3.1/../../../../arm-none-eabi/lib/thumb/v7-m/nofp\libc_nano.a(lib_a-errno.o)
 .data          0x0000000000000000        0x0 c:/st/stm32cubeide_1.10.1/stm32cubeide/plugins/com.st.stm32cube.ide.mcu.externaltools.gnu-tools-for-stm32.10.3-2021.10.win32_1.0.0.202111181127/tools/bin/../lib/gcc/arm-none-eabi/10.3.1/../../../../arm-none-eabi/lib/thumb/v7-m/nofp\libc_nano.a(lib_a-errno.o)
 .bss           0x0000000000000000        0x0 c:/st/stm32cubeide_1.10.1/stm32cubeide/plugins/com.st.stm32cube.ide.mcu.externaltools.gnu-tools-for-stm32.10.3-2021.10.win32_1.0.0.202111181127/tools/bin/../lib/gcc/arm-none-eabi/10.3.1/../../../../arm-none-eabi/lib/thumb/v7-m/nofp\libc_nano.a(lib_a-errno.o)
 .text.__errno  0x0000000000000000        0xc c:/st/stm32cubeide_1.10.1/stm32cubeide/plugins/com.st.stm32cube.ide.mcu.externaltools.gnu-tools-for-stm32.10.3-2021.10.win32_1.0.0.202111181127/tools/bin/../lib/gcc/arm-none-eabi/10.3.1/../../../../arm-none-eabi/lib/thumb/v7-m/nofp\libc_nano.a(lib_a-errno.o)
 .debug_frame   0x0000000000000000       0x20 c:/st/stm32cubeide_1.10.1/stm32cubeide/plugins/com.st.stm32cube.ide.mcu.externaltools.gnu-tools-for-stm32.10.3-2021.10.win32_1.0.0.202111181127/tools/bin/../lib/gcc/arm-none-eabi/10.3.1/../../../../arm-none-eabi/lib/thumb/v7-m/nofp\libc_nano.a(lib_a-errno.o)
 .ARM.attributes
                0x0000000000000000       0x2d c:/st/stm32cubeide_1.10.1/stm32cubeide/plugins/com.st.stm32cube.ide.mcu.externaltools.gnu-tools-for-stm32.10.3-2021.10.win32_1.0.0.202111181127/tools/bin/../lib/gcc/arm-none-eabi/10.3.1/../../../../arm-none-eabi/lib/thumb/v7-m/nofp\libc_nano.a(lib_a-errno.o)
 .text          0x0000000000000000        0x0 c:/st/stm32cubeide_1.10.1/stm32cubeide/plugins/com.st.stm32cube.ide.mcu.externaltools.gnu-tools-for-stm32.10.3-2021.10.win32_1.0.0.202111181127/tools/bin/../lib/gcc/arm-none-eabi/10.3.1/../../../../arm-none-eabi/lib/thumb/v7-m/nofp\libc_nano.a(lib_a-exit.o)
 .data          0x0000000000000000        0x0 c:/st/stm32cubeide_1.10.1/stm32cubeide/plugins/com.st.stm32cube.ide.mcu.externaltools.gnu-tools-for-stm32.10.3-2021.10.win32_1.0.0.202111181127/tools/bin/../lib/gcc/arm-none-eabi/10.3.1/../../../../arm-none-eabi/lib/thumb/v7-m/nofp\libc_nano.a(lib_a-exit.o)
 .bss           0x0000000000000000        0x0 c:/st/stm32cubeide_1.10.1/stm32cubeide/plugins/com.st.stm32cube.ide.mcu.externaltools.gnu-tools-for-stm32.10.3-2021.10.win32_1.0.0.202111181127/tools/bin/../lib/gcc/arm-none-eabi/10.3.1/../../../../arm-none-eabi/lib/thumb/v7-m/nofp\libc_nano.a(lib_a-exit.o)
 .text.exit     0x0000000000000000       0x28 c:/st/stm32cubeide_1.10.1/stm32cubeide/plugins/com.st.stm32cube.ide.mcu.externaltools.gnu-tools-for-stm32.10.3-2021.10.win32_1.0.0.202111181127/tools/bin/../lib/gcc/arm-none-eabi/10.3.1/../../../../arm-none-eabi/lib/thumb/v7-m/nofp\libc_nano.a(lib_a-exit.o)
 .debug_frame   0x0000000000000000       0x28 c:/st/stm32cubeide_1.10.1/stm32cubeide/plugins/com.st.stm32cube.ide.mcu.externaltools.gnu-tools-for-stm32.10.3-2021.10.win32_1.0.0.202111181127/tools/bin/../lib/gcc/arm-none-eabi/10.3.1/../../../../arm-none-eabi/lib/thumb/v7-m/nofp\libc_nano.a(lib_a-exit.o)
 .ARM.attributes
                0x0000000000000000       0x2d c:/st/stm32cubeide_1.10.1/stm32cubeide/plugins/com.st.stm32cube.ide.mcu.externaltools.gnu-tools-for-stm32.10.3-2021.10.win32_1.0.0.202111181127/tools/bin/../lib/gcc/arm-none-eabi/10.3.1/../../../../arm-none-eabi/lib/thumb/v7-m/nofp\libc_nano.a(lib_a-exit.o)
 .text          0x0000000000000000        0x0 c:/st/stm32cubeide_1.10.1/stm32cubeide/plugins/com.st.stm32cube.ide.mcu.externaltools.gnu-tools-for-stm32.10.3-2021.10.win32_1.0.0.202111181127/tools/bin/../lib/gcc/arm-none-eabi/10.3.1/../../../../arm-none-eabi/lib/thumb/v7-m/nofp\libc_nano.a(lib_a-impure.o)
 .data          0x0000000000000000        0x0 c:/st/stm32cubeide_1.10.1/stm32cubeide/plugins/com.st.stm32cube.ide.mcu.externaltools.gnu-tools-for-stm32.10.3-2021.10.win32_1.0.0.202111181127/tools/bin/../lib/gcc/arm-none-eabi/10.3.1/../../../../arm-none-eabi/lib/thumb/v7-m/nofp\libc_nano.a(lib_a-impure.o)
 .bss           0x0000000000000000        0x0 c:/st/stm32cubeide_1.10.1/stm32cubeide/plugins/com.st.stm32cube.ide.mcu.externaltools.gnu-tools-for-stm32.10.3-2021.10.win32_1.0.0.202111181127/tools/bin/../lib/gcc/arm-none-eabi/10.3.1/../../../../arm-none-eabi/lib/thumb/v7-m/nofp\libc_nano.a(lib_a-impure.o)
 .data._impure_ptr
                0x0000000000000000        0x4 c:/st/stm32cubeide_1.10.1/stm32cubeide/plugins/com.st.stm32cube.ide.mcu.externaltools.gnu-tools-for-stm32.10.3-2021.10.win32_1.0.0.202111181127/tools/bin/../lib/gcc/arm-none-eabi/10.3.1/../../../../arm-none-eabi/lib/thumb/v7-m/nofp\libc_nano.a(lib_a-impure.o)
 .data.impure_data
                0x0000000000000000       0x60 c:/st/stm32cubeide_1.10.1/stm32cubeide/plugins/com.st.stm32cube.ide.mcu.externaltools.gnu-tools-for-stm32.10.3-2021.10.win32_1.0.0.202111181127/tools/bin/../lib/gcc/arm-none-eabi/10.3.1/../../../../arm-none-eabi/lib/thumb/v7-m/nofp\libc_nano.a(lib_a-impure.o)
 .rodata._global_impure_ptr
                0x0000000000000000        0x4 c:/st/stm32cubeide_1.10.1/stm32cubeide/plugins/com.st.stm32cube.ide.mcu.externaltools.gnu-tools-for-stm32.10.3-2021.10.win32_1.0.0.202111181127/tools/bin/../lib/gcc/arm-none-eabi/10.3.1/../../../../arm-none-eabi/lib/thumb/v7-m/nofp\libc_nano.a(lib_a-impure.o)
 .ARM.attributes
                0x0000000000000000       0x2d c:/st/stm32cubeide_1.10.1/stm32cubeide/plugins/com.st.stm32cube.ide.mcu.externaltools.gnu-tools-for-stm32.10.3-2021.10.win32_1.0.0.202111181127/tools/bin/../lib/gcc/arm-none-eabi/10.3.1/../../../../arm-none-eabi/lib/thumb/v7-m/nofp\libc_nano.a(lib_a-impure.o)
 .text          0x0000000000000000        0x0 c:/st/stm32cubeide_1.10.1/stm32cubeide/plugins/com.st.stm32cube.ide.mcu.externaltools.gnu-tools-for-stm32.10.3-2021.10.win32_1.0.0.202111181127/tools/bin/../lib/gcc/arm-none-eabi/10.3.1/../../../../arm-none-eabi/lib/thumb/v7-m/nofp\libc_nano.a(lib_a-init.o)
 .data          0x0000000000000000        0x0 c:/st/stm32cubeide_1.10.1/stm32cubeide/plugins/com.st.stm32cube.ide.mcu.externaltools.gnu-tools-for-stm32.10.3-2021.10.win32_1.0.0.202111181127/tools/bin/../lib/gcc/arm-none-eabi/10.3.1/../../../../arm-none-eabi/lib/thumb/v7-m/nofp\libc_nano.a(lib_a-init.o)
 .bss           0x0000000000000000        0x0 c:/st/stm32cubeide_1.10.1/stm32cubeide/plugins/com.st.stm32cube.ide.mcu.externaltools.gnu-tools-for-stm32.10.3-2021.10.win32_1.0.0.202111181127/tools/bin/../lib/gcc/arm-none-eabi/10.3.1/../../../../arm-none-eabi/lib/thumb/v7-m/nofp\libc_nano.a(lib_a-init.o)
 .text          0x0000000000000000        0x0 c:/st/stm32cubeide_1.10.1/stm32cubeide/plugins/com.st.stm32cube.ide.mcu.externaltools.gnu-tools-for-stm32.10.3-2021.10.win32_1.0.0.202111181127/tools/bin/../lib/gcc/arm-none-eabi/10.3.1/../../../../arm-none-eabi/lib/thumb/v7-m/nofp\libc_nano.a(lib_a-memset.o)
 .data          0x0000000000000000        0x0 c:/st/stm32cubeide_1.10.1/stm32cubeide/plugins/com.st.stm32cube.ide.mcu.externaltools.gnu-tools-for-stm32.10.3-2021.10.win32_1.0.0.202111181127/tools/bin/../lib/gcc/arm-none-eabi/10.3.1/../../../../arm-none-eabi/lib/thumb/v7-m/nofp\libc_nano.a(lib_a-memset.o)
 .bss           0x0000000000000000        0x0 c:/st/stm32cubeide_1.10.1/stm32cubeide/plugins/com.st.stm32cube.ide.mcu.externaltools.gnu-tools-for-stm32.10.3-2021.10.win32_1.0.0.202111181127/tools/bin/../lib/gcc/arm-none-eabi/10.3.1/../../../../arm-none-eabi/lib/thumb/v7-m/nofp\libc_nano.a(lib_a-memset.o)
 .text.memset   0x0000000000000000       0x10 c:/st/stm32cubeide_1.10.1/stm32cubeide/plugins/com.st.stm32cube.ide.mcu.externaltools.gnu-tools-for-stm32.10.3-2021.10.win32_1.0.0.202111181127/tools/bin/../lib/gcc/arm-none-eabi/10.3.1/../../../../arm-none-eabi/lib/thumb/v7-m/nofp\libc_nano.a(lib_a-memset.o)
 .debug_frame   0x0000000000000000       0x20 c:/st/stm32cubeide_1.10.1/stm32cubeide/plugins/com.st.stm32cube.ide.mcu.externaltools.gnu-tools-for-stm32.10.3-2021.10.win32_1.0.0.202111181127/tools/bin/../lib/gcc/arm-none-eabi/10.3.1/../../../../arm-none-eabi/lib/thumb/v7-m/nofp\libc_nano.a(lib_a-memset.o)
 .ARM.attributes
                0x0000000000000000       0x2d c:/st/stm32cubeide_1.10.1/stm32cubeide/plugins/com.st.stm32cube.ide.mcu.externaltools.gnu-tools-for-stm32.10.3-2021.10.win32_1.0.0.202111181127/tools/bin/../lib/gcc/arm-none-eabi/10.3.1/../../../../arm-none-eabi/lib/thumb/v7-m/nofp\libc_nano.a(lib_a-memset.o)
 .text          0x0000000000000000        0x0 c:/st/stm32cubeide_1.10.1/stm32cubeide/plugins/com.st.stm32cube.ide.mcu.externaltools.gnu-tools-for-stm32.10.3-2021.10.win32_1.0.0.202111181127/tools/bin/../lib/gcc/arm-none-eabi/10.3.1/thumb/v7-m/nofp/crtend.o
 .data          0x0000000000000000        0x0 c:/st/stm32cubeide_1.10.1/stm32cubeide/plugins/com.st.stm32cube.ide.mcu.externaltools.gnu-tools-for-stm32.10.3-2021.10.win32_1.0.0.202111181127/tools/bin/../lib/gcc/arm-none-eabi/10.3.1/thumb/v7-m/nofp/crtend.o
 .bss           0x0000000000000000        0x0 c:/st/stm32cubeide_1.10.1/stm32cubeide/plugins/com.st.stm32cube.ide.mcu.externaltools.gnu-tools-for-stm32.10.3-2021.10.win32_1.0.0.202111181127/tools/bin/../lib/gcc/arm-none-eabi/10.3.1/thumb/v7-m/nofp/crtend.o
 .rodata        0x0000000000000000       0x24 c:/st/stm32cubeide_1.10.1/stm32cubeide/plugins/com.st.stm32cube.ide.mcu.externaltools.gnu-tools-for-stm32.10.3-2021.10.win32_1.0.0.202111181127/tools/bin/../lib/gcc/arm-none-eabi/10.3.1/thumb/v7-m/nofp/crtend.o
 .eh_frame      0x0000000000000000        0x4 c:/st/stm32cubeide_1.10.1/stm32cubeide/plugins/com.st.stm32cube.ide.mcu.externaltools.gnu-tools-for-stm32.10.3-2021.10.win32_1.0.0.202111181127/tools/bin/../lib/gcc/arm-none-eabi/10.3.1/thumb/v7-m/nofp/crtend.o
 .ARM.attributes
                0x0000000000000000       0x2d c:/st/stm32cubeide_1.10.1/stm32cubeide/plugins/com.st.stm32cube.ide.mcu.externaltools.gnu-tools-for-stm32.10.3-2021.10.win32_1.0.0.202111181127/tools/bin/../lib/gcc/arm-none-eabi/10.3.1/thumb/v7-m/nofp/crtend.o
 .text          0x0000000000000000        0x0 c:/st/stm32cubeide_1.10.1/stm32cubeide/plugins/com.st.stm32cube.ide.mcu.externaltools.gnu-tools-for-stm32.10.3-2021.10.win32_1.0.0.202111181127/tools/bin/../lib/gcc/arm-none-eabi/10.3.1/thumb/v7-m/nofp/crtn.o
 .data          0x0000000000000000        0x0 c:/st/stm32cubeide_1.10.1/stm32cubeide/plugins/com.st.stm32cube.ide.mcu.externaltools.gnu-tools-for-stm32.10.3-2021.10.win32_1.0.0.202111181127/tools/bin/../lib/gcc/arm-none-eabi/10.3.1/thumb/v7-m/nofp/crtn.o
 .bss           0x0000000000000000        0x0 c:/st/stm32cubeide_1.10.1/stm32cubeide/plugins/com.st.stm32cube.ide.mcu.externaltools.gnu-tools-for-stm32.10.3-2021.10.win32_1.0.0.202111181127/tools/bin/../lib/gcc/arm-none-eabi/10.3.1/thumb/v7-m/nofp/crtn.o

Memory Configuration

Name             Origin             Length             Attributes
RAM              0x0000000020000000 0x0000000000005000 xrw
FLASH            0x0000000008000000 0x0000000000010000 xr
*default*        0x0000000000000000 0xffffffffffffffff

Linker script and memory map

LOAD c:/st/stm32cubeide_1.10.1/stm32cubeide/plugins/com.st.stm32cube.ide.mcu.externaltools.gnu-tools-for-stm32.10.3-2021.10.win32_1.0.0.202111181127/tools/bin/../lib/gcc/arm-none-eabi/10.3.1/thumb/v7-m/nofp/crti.o
LOAD c:/st/stm32cubeide_1.10.1/stm32cubeide/plugins/com.st.stm32cube.ide.mcu.externaltools.gnu-tools-for-stm32.10.3-2021.10.win32_1.0.0.202111181127/tools/bin/../lib/gcc/arm-none-eabi/10.3.1/thumb/v7-m/nofp/crtbegin.o
LOAD c:/st/stm32cubeide_1.10.1/stm32cubeide/plugins/com.st.stm32cube.ide.mcu.externaltools.gnu-tools-for-stm32.10.3-2021.10.win32_1.0.0.202111181127/tools/bin/../lib/gcc/arm-none-eabi/10.3.1/../../../../arm-none-eabi/lib/thumb/v7-m/nofp/crt0.o
LOAD ./Src/AFIO_program.o
LOAD ./Src/DIO_program.o
LOAD ./Src/EXTI_program.o
LOAD ./Src/GENRERALTIMERS_program.o
LOAD ./Src/MDMA_program.o
LOAD ./Src/MNVIC_program.o
LOAD ./Src/MSYSTICK_program.o
LOAD ./Src/RCC_program.o
LOAD ./Src/SPI_program.o
LOAD ./Src/UART_program.o
LOAD ./Src/main.o
LOAD ./Src/syscalls.o
LOAD ./Src/sysmem.o
LOAD ./Startup/startup_stm32f103c8tx.o
START GROUP
LOAD c:/st/stm32cubeide_1.10.1/stm32cubeide/plugins/com.st.stm32cube.ide.mcu.externaltools.gnu-tools-for-stm32.10.3-2021.10.win32_1.0.0.202111181127/tools/bin/../lib/gcc/arm-none-eabi/10.3.1/../../../../arm-none-eabi/lib/thumb/v7-m/nofp\libc_nano.a
LOAD c:/st/stm32cubeide_1.10.1/stm32cubeide/plugins/com.st.stm32cube.ide.mcu.externaltools.gnu-tools-for-stm32.10.3-2021.10.win32_1.0.0.202111181127/tools/bin/../lib/gcc/arm-none-eabi/10.3.1/../../../../arm-none-eabi/lib/thumb/v7-m/nofp\libm.a
END GROUP
START GROUP
LOAD c:/st/stm32cubeide_1.10.1/stm32cubeide/plugins/com.st.stm32cube.ide.mcu.externaltools.gnu-tools-for-stm32.10.3-2021.10.win32_1.0.0.202111181127/tools/bin/../lib/gcc/arm-none-eabi/10.3.1/thumb/v7-m/nofp\libgcc.a
LOAD c:/st/stm32cubeide_1.10.1/stm32cubeide/plugins/com.st.stm32cube.ide.mcu.externaltools.gnu-tools-for-stm32.10.3-2021.10.win32_1.0.0.202111181127/tools/bin/../lib/gcc/arm-none-eabi/10.3.1/../../../../arm-none-eabi/lib/thumb/v7-m/nofp\libg_nano.a
LOAD c:/st/stm32cubeide_1.10.1/stm32cubeide/plugins/com.st.stm32cube.ide.mcu.externaltools.gnu-tools-for-stm32.10.3-2021.10.win32_1.0.0.202111181127/tools/bin/../lib/gcc/arm-none-eabi/10.3.1/../../../../arm-none-eabi/lib/thumb/v7-m/nofp\libc_nano.a
END GROUP
START GROUP
LOAD c:/st/stm32cubeide_1.10.1/stm32cubeide/plugins/com.st.stm32cube.ide.mcu.externaltools.gnu-tools-for-stm32.10.3-2021.10.win32_1.0.0.202111181127/tools/bin/../lib/gcc/arm-none-eabi/10.3.1/thumb/v7-m/nofp\libgcc.a
LOAD c:/st/stm32cubeide_1.10.1/stm32cubeide/plugins/com.st.stm32cube.ide.mcu.externaltools.gnu-tools-for-stm32.10.3-2021.10.win32_1.0.0.202111181127/tools/bin/../lib/gcc/arm-none-eabi/10.3.1/../../../../arm-none-eabi/lib/thumb/v7-m/nofp\libc_nano.a
LOAD c:/st/stm32cubeide_1.10.1/stm32cubeide/plugins/com.st.stm32cube.ide.mcu.externaltools.gnu-tools-for-stm32.10.3-2021.10.win32_1.0.0.202111181127/tools/bin/../lib/gcc/arm-none-eabi/10.3.1/../../../../arm-none-eabi/lib/thumb/v7-m/nofp\libnosys.a
END GROUP
START GROUP
LOAD c:/st/stm32cubeide_1.10.1/stm32cubeide/plugins/com.st.stm32cube.ide.mcu.externaltools.gnu-tools-for-stm32.10.3-2021.10.win32_1.0.0.202111181127/tools/bin/../lib/gcc/arm-none-eabi/10.3.1/thumb/v7-m/nofp\libgcc.a
LOAD c:/st/stm32cubeide_1.10.1/stm32cubeide/plugins/com.st.stm32cube.ide.mcu.externaltools.gnu-tools-for-stm32.10.3-2021.10.win32_1.0.0.202111181127/tools/bin/../lib/gcc/arm-none-eabi/10.3.1/../../../../arm-none-eabi/lib/thumb/v7-m/nofp\libc_nano.a
LOAD c:/st/stm32cubeide_1.10.1/stm32cubeide/plugins/com.st.stm32cube.ide.mcu.externaltools.gnu-tools-for-stm32.10.3-2021.10.win32_1.0.0.202111181127/tools/bin/../lib/gcc/arm-none-eabi/10.3.1/../../../../arm-none-eabi/lib/thumb/v7-m/nofp\libnosys.a
END GROUP
LOAD c:/st/stm32cubeide_1.10.1/stm32cubeide/plugins/com.st.stm32cube.ide.mcu.externaltools.gnu-tools-for-stm32.10.3-2021.10.win32_1.0.0.202111181127/tools/bin/../lib/gcc/arm-none-eabi/10.3.1/thumb/v7-m/nofp/crtend.o
LOAD c:/st/stm32cubeide_1.10.1/stm32cubeide/plugins/com.st.stm32cube.ide.mcu.externaltools.gnu-tools-for-stm32.10.3-2021.10.win32_1.0.0.202111181127/tools/bin/../lib/gcc/arm-none-eabi/10.3.1/thumb/v7-m/nofp/crtn.o
                0x0000000020005000                _estack = (ORIGIN (RAM) + LENGTH (RAM))
                0x0000000000000200                _Min_Heap_Size = 0x200
                0x0000000000000400                _Min_Stack_Size = 0x400

.isr_vector     0x0000000008000000      0x130
                0x0000000008000000                . = ALIGN (0x4)
 *(.isr_vector)
 .isr_vector    0x0000000008000000      0x130 ./Startup/startup_stm32f103c8tx.o
                0x0000000008000000                g_pfnVectors
                0x0000000008000130                . = ALIGN (0x4)

.text           0x0000000008000130      0x9dc
                0x0000000008000130                . = ALIGN (0x4)
 *(.text)
 .text          0x0000000008000130       0x40 c:/st/stm32cubeide_1.10.1/stm32cubeide/plugins/com.st.stm32cube.ide.mcu.externaltools.gnu-tools-for-stm32.10.3-2021.10.win32_1.0.0.202111181127/tools/bin/../lib/gcc/arm-none-eabi/10.3.1/thumb/v7-m/nofp/crtbegin.o
 *(.text*)
 .text.MDIO_INIT
                0x0000000008000170       0x22 ./Src/DIO_program.o
                0x0000000008000170                MDIO_INIT
 *fill*         0x0000000008000192        0x2 
 .text.MDIO_voidSetDirection
                0x0000000008000194      0x264 ./Src/DIO_program.o
                0x0000000008000194                MDIO_voidSetDirection
 .text.MDIO_voidWrite_D_pin
                0x00000000080003f8       0xf4 ./Src/DIO_program.o
                0x00000000080003f8                MDIO_voidWrite_D_pin
 .text.MTimer_voidInitInputCapture
                0x00000000080004ec      0x3d8 ./Src/GENRERALTIMERS_program.o
                0x00000000080004ec                MTimer_voidInitInputCapture
 .text.MSYSTICK_voidInit
                0x00000000080008c4       0x28 ./Src/MSYSTICK_program.o
                0x00000000080008c4                MSYSTICK_voidInit
 .text.MYSYSTICK_voidSet_BusyWait
                0x00000000080008ec       0x40 ./Src/MSYSTICK_program.o
                0x00000000080008ec                MYSYSTICK_voidSet_BusyWait
 .text.SysTick_Handler
                0x000000000800092c       0x14 ./Src/MSYSTICK_program.o
                0x000000000800092c                SysTick_Handler
 .text.MRCC_voidEnableClock
                0x0000000008000940       0x80 ./Src/RCC_program.o
                0x0000000008000940                MRCC_voidEnableClock
 .text.MRCC_voidInitClock
                0x00000000080009c0       0x40 ./Src/RCC_program.o
                0x00000000080009c0                MRCC_voidInitClock
 .text.main     0x0000000008000a00       0x58 ./Src/main.o
                0x0000000008000a00                main
 .text.Reset_Handler
                0x0000000008000a58       0x50 ./Startup/startup_stm32f103c8tx.o
                0x0000000008000a58                Reset_Handler
 .text.Default_Handler
                0x0000000008000aa8        0x2 ./Startup/startup_stm32f103c8tx.o
                0x0000000008000aa8                EXTI2_IRQHandler
                0x0000000008000aa8                TIM8_TRG_COM_IRQHandler
                0x0000000008000aa8                TIM8_CC_IRQHandler
                0x0000000008000aa8                DebugMon_Handler
                0x0000000008000aa8                TIM1_CC_IRQHandler
                0x0000000008000aa8                HardFault_Handler
                0x0000000008000aa8                TIM6_IRQHandler
                0x0000000008000aa8                PVD_IRQHandler
                0x0000000008000aa8                SDIO_IRQHandler
                0x0000000008000aa8                PendSV_Handler
                0x0000000008000aa8                NMI_Handler
                0x0000000008000aa8                EXTI3_IRQHandler
                0x0000000008000aa8                USB_HP_CAN_TX_IRQHandler
                0x0000000008000aa8                EXTI0_IRQHandler
                0x0000000008000aa8                I2C2_EV_IRQHandler
                0x0000000008000aa8                UsageFault_Handler
                0x0000000008000aa8                ADC1_2_IRQHandler
                0x0000000008000aa8                SPI1_IRQHandler
                0x0000000008000aa8                CAN_SCE_IRQHandler
                0x0000000008000aa8                TAMPER_IRQHandler
                0x0000000008000aa8                TIM8_UP_IRQHandler
                0x0000000008000aa8                DMA2_Channel2_IRQHandler
                0x0000000008000aa8                DMA1_Channel4_IRQHandler
                0x0000000008000aa8                USART3_IRQHandler
                0x0000000008000aa8                RTC_IRQHandler
                0x0000000008000aa8                DMA1_Channel7_IRQHandler
                0x0000000008000aa8                UART5_IRQHandler
                0x0000000008000aa8                ADC3_IRQHandler
                0x0000000008000aa8                TIM4_IRQHandler
                0x0000000008000aa8                CAN_RX1_IRQHandler
                0x0000000008000aa8                DMA2_Channel1_IRQHandler
                0x0000000008000aa8                I2C1_EV_IRQHandler
                0x0000000008000aa8                DMA1_Channel6_IRQHandler
                0x0000000008000aa8                UART4_IRQHandler
                0x0000000008000aa8                TIM3_IRQHandler
                0x0000000008000aa8                RCC_IRQHandler
                0x0000000008000aa8                TIM1_TRG_COM_IRQHandler
                0x0000000008000aa8                DMA1_Channel1_IRQHandler
                0x0000000008000aa8                Default_Handler
                0x0000000008000aa8                EXTI15_10_IRQHandler
                0x0000000008000aa8                TIM7_IRQHandler
                0x0000000008000aa8                TIM5_IRQHandler
                0x0000000008000aa8                EXTI9_5_IRQHandler
                0x0000000008000aa8                SPI2_IRQHandler
                0x0000000008000aa8                USB_LP_CAN_RX0_IRQHandler
                0x0000000008000aa8                MemManage_Handler
                0x0000000008000aa8                SVC_Handler
                0x0000000008000aa8                DMA1_Channel5_IRQHandler
                0x0000000008000aa8                EXTI4_IRQHandler
                0x0000000008000aa8                DMA1_Channel3_IRQHandler
                0x0000000008000aa8                FSMC_IRQHandler
                0x0000000008000aa8                TIM1_UP_IRQHandler
                0x0000000008000aa8                WWDG_IRQHandler
                0x0000000008000aa8                TIM2_IRQHandler
                0x0000000008000aa8                TIM1_BRK_IRQHandler
                0x0000000008000aa8                EXTI1_IRQHandler
                0x0000000008000aa8                RTCAlarm_IRQHandler
                0x0000000008000aa8                DMA2_Channel4_5_IRQHandler
                0x0000000008000aa8                USART2_IRQHandler
                0x0000000008000aa8                I2C2_ER_IRQHandler
                0x0000000008000aa8                DMA1_Channel2_IRQHandler
                0x0000000008000aa8                TIM8_BRK_IRQHandler
                0x0000000008000aa8                FLASH_IRQHandler
                0x0000000008000aa8                BusFault_Handler
                0x0000000008000aa8                USART1_IRQHandler
                0x0000000008000aa8                SPI3_IRQHandler
                0x0000000008000aa8                I2C1_ER_IRQHandler
                0x0000000008000aa8                DMA2_Channel3_IRQHandler
 *fill*         0x0000000008000aaa        0x2 
 .text.__libc_init_array
                0x0000000008000aac       0x48 c:/st/stm32cubeide_1.10.1/stm32cubeide/plugins/com.st.stm32cube.ide.mcu.externaltools.gnu-tools-for-stm32.10.3-2021.10.win32_1.0.0.202111181127/tools/bin/../lib/gcc/arm-none-eabi/10.3.1/../../../../arm-none-eabi/lib/thumb/v7-m/nofp\libc_nano.a(lib_a-init.o)
                0x0000000008000aac                __libc_init_array
 *(.glue_7)
 .glue_7        0x0000000008000af4        0x0 linker stubs
 *(.glue_7t)
 .glue_7t       0x0000000008000af4        0x0 linker stubs
 *(.eh_frame)
 .eh_frame      0x0000000008000af4        0x0 c:/st/stm32cubeide_1.10.1/stm32cubeide/plugins/com.st.stm32cube.ide.mcu.externaltools.gnu-tools-for-stm32.10.3-2021.10.win32_1.0.0.202111181127/tools/bin/../lib/gcc/arm-none-eabi/10.3.1/thumb/v7-m/nofp/crtbegin.o
 *(.init)
 .init          0x0000000008000af4        0x4 c:/st/stm32cubeide_1.10.1/stm32cubeide/plugins/com.st.stm32cube.ide.mcu.externaltools.gnu-tools-for-stm32.10.3-2021.10.win32_1.0.0.202111181127/tools/bin/../lib/gcc/arm-none-eabi/10.3.1/thumb/v7-m/nofp/crti.o
                0x0000000008000af4                _init
 .init          0x0000000008000af8        0x8 c:/st/stm32cubeide_1.10.1/stm32cubeide/plugins/com.st.stm32cube.ide.mcu.externaltools.gnu-tools-for-stm32.10.3-2021.10.win32_1.0.0.202111181127/tools/bin/../lib/gcc/arm-none-eabi/10.3.1/thumb/v7-m/nofp/crtn.o
 *(.fini)
 .fini          0x0000000008000b00        0x4 c:/st/stm32cubeide_1.10.1/stm32cubeide/plugins/com.st.stm32cube.ide.mcu.externaltools.gnu-tools-for-stm32.10.3-2021.10.win32_1.0.0.202111181127/tools/bin/../lib/gcc/arm-none-eabi/10.3.1/thumb/v7-m/nofp/crti.o
                0x0000000008000b00                _fini
 .fini          0x0000000008000b04        0x8 c:/st/stm32cubeide_1.10.1/stm32cubeide/plugins/com.st.stm32cube.ide.mcu.externaltools.gnu-tools-for-stm32.10.3-2021.10.win32_1.0.0.202111181127/tools/bin/../lib/gcc/arm-none-eabi/10.3.1/thumb/v7-m/nofp/crtn.o
                0x0000000008000b0c                . = ALIGN (0x4)
                0x0000000008000b0c                _etext = .

.vfp11_veneer   0x0000000008000b0c        0x0
 .vfp11_veneer  0x0000000008000b0c        0x0 linker stubs

.v4_bx          0x0000000008000b0c        0x0
 .v4_bx         0x0000000008000b0c        0x0 linker stubs

.iplt           0x0000000008000b0c        0x0
 .iplt          0x0000000008000b0c        0x0 c:/st/stm32cubeide_1.10.1/stm32cubeide/plugins/com.st.stm32cube.ide.mcu.externaltools.gnu-tools-for-stm32.10.3-2021.10.win32_1.0.0.202111181127/tools/bin/../lib/gcc/arm-none-eabi/10.3.1/thumb/v7-m/nofp/crtbegin.o

.rel.dyn        0x0000000008000b0c        0x0
 .rel.iplt      0x0000000008000b0c        0x0 c:/st/stm32cubeide_1.10.1/stm32cubeide/plugins/com.st.stm32cube.ide.mcu.externaltools.gnu-tools-for-stm32.10.3-2021.10.win32_1.0.0.202111181127/tools/bin/../lib/gcc/arm-none-eabi/10.3.1/thumb/v7-m/nofp/crtbegin.o

.rodata         0x0000000008000b0c        0x0
                0x0000000008000b0c                . = ALIGN (0x4)
 *(.rodata)
 *(.rodata*)
                0x0000000008000b0c                . = ALIGN (0x4)

.ARM.extab      0x0000000008000b0c        0x0
                0x0000000008000b0c                . = ALIGN (0x4)
 *(.ARM.extab* .gnu.linkonce.armextab.*)
                0x0000000008000b0c                . = ALIGN (0x4)

.ARM            0x0000000008000b0c        0x0
                0x0000000008000b0c                . = ALIGN (0x4)
                0x0000000008000b0c                __exidx_start = .
 *(.ARM.exidx*)
                0x0000000008000b0c                __exidx_end = .
                0x0000000008000b0c                . = ALIGN (0x4)

.preinit_array  0x0000000008000b0c        0x0
                0x0000000008000b0c                . = ALIGN (0x4)
                0x0000000008000b0c                PROVIDE (__preinit_array_start = .)
 *(.preinit_array*)
                0x0000000008000b0c                PROVIDE (__preinit_array_end = .)
                0x0000000008000b0c                . = ALIGN (0x4)

.init_array     0x0000000008000b0c        0x4
                0x0000000008000b0c                . = ALIGN (0x4)
                0x0000000008000b0c                PROVIDE (__init_array_start = .)
 *(SORT_BY_NAME(.init_array.*))
 *(.init_array*)
 .init_array    0x0000000008000b0c        0x4 c:/st/stm32cubeide_1.10.1/stm32cubeide/plugins/com.st.stm32cube.ide.mcu.externaltools.gnu-tools-for-stm32.10.3-2021.10.win32_1.0.0.202111181127/tools/bin/../lib/gcc/arm-none-eabi/10.3.1/thumb/v7-m/nofp/crtbegin.o
                0x0000000008000b10                PROVIDE (__init_array_end = .)
                0x0000000008000b10                . = ALIGN (0x4)

.fini_array     0x0000000008000b10        0x4
                0x0000000008000b10                . = ALIGN (0x4)
                [!provide]                        PROVIDE (__fini_array_start = .)
 *(SORT_BY_NAME(.fini_array.*))
 *(.fini_array*)
 .fini_array    0x0000000008000b10        0x4 c:/st/stm32cubeide_1.10.1/stm32cubeide/plugins/com.st.stm32cube.ide.mcu.externaltools.gnu-tools-for-stm32.10.3-2021.10.win32_1.0.0.202111181127/tools/bin/../lib/gcc/arm-none-eabi/10.3.1/thumb/v7-m/nofp/crtbegin.o
                [!provide]                        PROVIDE (__fini_array_end = .)
                0x0000000008000b14                . = ALIGN (0x4)
                0x0000000008000b14                _sidata = LOADADDR (.data)

.data           0x0000000020000000        0x0 load address 0x0000000008000b14
                0x0000000020000000                . = ALIGN (0x4)
                0x0000000020000000                _sdata = .
 *(.data)
 *(.data*)
 *(.RamFunc)
 *(.RamFunc*)
                0x0000000020000000                . = ALIGN (0x4)
                0x0000000020000000                _edata = .

.igot.plt       0x0000000020000000        0x0 load address 0x0000000008000b14
 .igot.plt      0x0000000020000000        0x0 c:/st/stm32cubeide_1.10.1/stm32cubeide/plugins/com.st.stm32cube.ide.mcu.externaltools.gnu-tools-for-stm32.10.3-2021.10.win32_1.0.0.202111181127/tools/bin/../lib/gcc/arm-none-eabi/10.3.1/thumb/v7-m/nofp/crtbegin.o
                0x0000000020000000                . = ALIGN (0x4)

.bss            0x0000000020000000       0x20 load address 0x0000000008000b14
                0x0000000020000000                _sbss = .
                0x0000000020000000                __bss_start__ = _sbss
 *(.bss)
 .bss           0x0000000020000000       0x1c c:/st/stm32cubeide_1.10.1/stm32cubeide/plugins/com.st.stm32cube.ide.mcu.externaltools.gnu-tools-for-stm32.10.3-2021.10.win32_1.0.0.202111181127/tools/bin/../lib/gcc/arm-none-eabi/10.3.1/thumb/v7-m/nofp/crtbegin.o
 *(.bss*)
 .bss.Callback_function
                0x000000002000001c        0x4 ./Src/MSYSTICK_program.o
                0x000000002000001c                Callback_function
 *(COMMON)
                0x0000000020000020                . = ALIGN (0x4)
                0x0000000020000020                _ebss = .
                0x0000000020000020                __bss_end__ = _ebss

._user_heap_stack
                0x0000000020000020      0x600 load address 0x0000000008000b14
                0x0000000020000020                . = ALIGN (0x8)
                [!provide]                        PROVIDE (end = .)
                0x0000000020000020                PROVIDE (_end = .)
                0x0000000020000220                . = (. + _Min_Heap_Size)
 *fill*         0x0000000020000020      0x200 
                0x0000000020000620                . = (. + _Min_Stack_Size)
 *fill*         0x0000000020000220      0x400 
                0x0000000020000620                . = ALIGN (0x8)

/DISCARD/
 libc.a(*)
 libm.a(*)
 libgcc.a(*)

.ARM.attributes
                0x0000000000000000       0x29
 *(.ARM.attributes)
 .ARM.attributes
                0x0000000000000000       0x1d c:/st/stm32cubeide_1.10.1/stm32cubeide/plugins/com.st.stm32cube.ide.mcu.externaltools.gnu-tools-for-stm32.10.3-2021.10.win32_1.0.0.202111181127/tools/bin/../lib/gcc/arm-none-eabi/10.3.1/thumb/v7-m/nofp/crti.o
 .ARM.attributes
                0x000000000000001d       0x2d c:/st/stm32cubeide_1.10.1/stm32cubeide/plugins/com.st.stm32cube.ide.mcu.externaltools.gnu-tools-for-stm32.10.3-2021.10.win32_1.0.0.202111181127/tools/bin/../lib/gcc/arm-none-eabi/10.3.1/thumb/v7-m/nofp/crtbegin.o
 .ARM.attributes
                0x000000000000004a       0x2d ./Src/DIO_program.o
 .ARM.attributes
                0x0000000000000077       0x2d ./Src/GENRERALTIMERS_program.o
 .ARM.attributes
                0x00000000000000a4       0x2d ./Src/MSYSTICK_program.o
 .ARM.attributes
                0x00000000000000d1       0x2d ./Src/RCC_program.o
 .ARM.attributes
                0x00000000000000fe       0x2d ./Src/main.o
 .ARM.attributes
                0x000000000000012b       0x21 ./Startup/startup_stm32f103c8tx.o
 .ARM.attributes
                0x000000000000014c       0x2d c:/st/stm32cubeide_1.10.1/stm32cubeide/plugins/com.st.stm32cube.ide.mcu.externaltools.gnu-tools-for-stm32.10.3-2021.10.win32_1.0.0.202111181127/tools/bin/../lib/gcc/arm-none-eabi/10.3.1/../../../../arm-none-eabi/lib/thumb/v7-m/nofp\libc_nano.a(lib_a-init.o)
 .ARM.attributes
                0x0000000000000179       0x1d c:/st/stm32cubeide_1.10.1/stm32cubeide/plugins/com.st.stm32cube.ide.mcu.externaltools.gnu-tools-for-stm32.10.3-2021.10.win32_1.0.0.202111181127/tools/bin/../lib/gcc/arm-none-eabi/10.3.1/thumb/v7-m/nofp/crtn.o
OUTPUT(motafa.elf elf32-littlearm)
LOAD linker stubs
LOAD c:/st/stm32cubeide_1.10.1/stm32cubeide/plugins/com.st.stm32cube.ide.mcu.externaltools.gnu-tools-for-stm32.10.3-2021.10.win32_1.0.0.202111181127/tools/bin/../lib/gcc/arm-none-eabi/10.3.1/../../../../arm-none-eabi/lib/thumb/v7-m/nofp\libc.a
LOAD c:/st/stm32cubeide_1.10.1/stm32cubeide/plugins/com.st.stm32cube.ide.mcu.externaltools.gnu-tools-for-stm32.10.3-2021.10.win32_1.0.0.202111181127/tools/bin/../lib/gcc/arm-none-eabi/10.3.1/../../../../arm-none-eabi/lib/thumb/v7-m/nofp\libm.a
LOAD c:/st/stm32cubeide_1.10.1/stm32cubeide/plugins/com.st.stm32cube.ide.mcu.externaltools.gnu-tools-for-stm32.10.3-2021.10.win32_1.0.0.202111181127/tools/bin/../lib/gcc/arm-none-eabi/10.3.1/thumb/v7-m/nofp\libgcc.a

.debug_info     0x0000000000000000      0xb0a
 .debug_info    0x0000000000000000      0x1eb ./Src/DIO_program.o
 .debug_info    0x00000000000001eb      0x4a3 ./Src/GENRERALTIMERS_program.o
 .debug_info    0x000000000000068e      0x20c ./Src/MSYSTICK_program.o
 .debug_info    0x000000000000089a       0xe2 ./Src/RCC_program.o
 .debug_info    0x000000000000097c      0x16c ./Src/main.o
 .debug_info    0x0000000000000ae8       0x22 ./Startup/startup_stm32f103c8tx.o

.debug_abbrev   0x0000000000000000      0x3f9
 .debug_abbrev  0x0000000000000000       0xc7 ./Src/DIO_program.o
 .debug_abbrev  0x00000000000000c7      0x101 ./Src/GENRERALTIMERS_program.o
 .debug_abbrev  0x00000000000001c8       0xef ./Src/MSYSTICK_program.o
 .debug_abbrev  0x00000000000002b7       0x94 ./Src/RCC_program.o
 .debug_abbrev  0x000000000000034b       0x9c ./Src/main.o
 .debug_abbrev  0x00000000000003e7       0x12 ./Startup/startup_stm32f103c8tx.o

.debug_loc      0x0000000000000000      0xa84
 .debug_loc     0x0000000000000000      0x21c ./Src/DIO_program.o
 .debug_loc     0x000000000000021c      0x450 ./Src/GENRERALTIMERS_program.o
 .debug_loc     0x000000000000066c      0x2f0 ./Src/MSYSTICK_program.o
 .debug_loc     0x000000000000095c       0xfc ./Src/RCC_program.o
 .debug_loc     0x0000000000000a58       0x2c ./Src/main.o

.debug_aranges  0x0000000000000000      0x1a0
 .debug_aranges
                0x0000000000000000       0x48 ./Src/DIO_program.o
 .debug_aranges
                0x0000000000000048       0x78 ./Src/GENRERALTIMERS_program.o
 .debug_aranges
                0x00000000000000c0       0x68 ./Src/MSYSTICK_program.o
 .debug_aranges
                0x0000000000000128       0x30 ./Src/RCC_program.o
 .debug_aranges
                0x0000000000000158       0x20 ./Src/main.o
 .debug_aranges
                0x0000000000000178       0x28 ./Startup/startup_stm32f103c8tx.o

.debug_ranges   0x0000000000000000      0x148
 .debug_ranges  0x0000000000000000       0x38 ./Src/DIO_program.o
 .debug_ranges  0x0000000000000038       0x68 ./Src/GENRERALTIMERS_program.o
 .debug_ranges  0x00000000000000a0       0x58 ./Src/MSYSTICK_program.o
 .debug_ranges  0x00000000000000f8       0x20 ./Src/RCC_program.o
 .debug_ranges  0x0000000000000118       0x10 ./Src/main.o
 .debug_ranges  0x0000000000000128       0x20 ./Startup/startup_stm32f103c8tx.o

.debug_macro    0x0000000000000000      0xb79
 .debug_macro   0x0000000000000000       0x49 ./Src/DIO_program.o
 .debug_macro   0x0000000000000049      0x148 ./Src/DIO_program.o
 .debug_macro   0x0000000000000191       0x9a ./Src/DIO_program.o
 .debug_macro   0x000000000000022b       0x3f ./Src/GENRERALTIMERS_program.o
 .debug_macro   0x000000000000026a       0x64 ./Src/GENRERALTIMERS_program.o
 .debug_macro   0x00000000000002ce       0x9a ./Src/GENRERALTIMERS_program.o
 .debug_macro   0x0000000000000368       0xf4 ./Src/GENRERALTIMERS_program.o
 .debug_macro   0x000000000000045c       0x37 ./Src/MSYSTICK_program.o
 .debug_macro   0x0000000000000493       0x40 ./Src/MSYSTICK_program.o
 .debug_macro   0x00000000000004d3       0x3f ./Src/RCC_program.o
 .debug_macro   0x0000000000000512      0x13c ./Src/RCC_program.o
 .debug_macro   0x000000000000064e       0x3a ./Src/RCC_program.o
 .debug_macro   0x0000000000000688       0xa4 ./Src/main.o
 .debug_macro   0x000000000000072c       0x22 ./Src/main.o
 .debug_macro   0x000000000000074e       0x8e ./Src/main.o
 .debug_macro   0x00000000000007dc       0x51 ./Src/main.o
 .debug_macro   0x000000000000082d      0x103 ./Src/main.o
 .debug_macro   0x0000000000000930       0x6a ./Src/main.o
 .debug_macro   0x000000000000099a      0x1df ./Src/main.o

.debug_line     0x0000000000000000     0x1170
 .debug_line    0x0000000000000000      0x2c2 ./Src/DIO_program.o
 .debug_line    0x00000000000002c2      0x72a ./Src/GENRERALTIMERS_program.o
 .debug_line    0x00000000000009ec      0x1b4 ./Src/MSYSTICK_program.o
 .debug_line    0x0000000000000ba0      0x117 ./Src/RCC_program.o
 .debug_line    0x0000000000000cb7      0x435 ./Src/main.o
 .debug_line    0x00000000000010ec       0x84 ./Startup/startup_stm32f103c8tx.o

.debug_str      0x0000000000000000     0x5d83
 .debug_str     0x0000000000000000     0x3a23 ./Src/DIO_program.o
                                       0x3a56 (size before relaxing)
 .debug_str     0x0000000000003a23      0x8fb ./Src/GENRERALTIMERS_program.o
                                       0x366c (size before relaxing)
 .debug_str     0x000000000000431e      0x2e0 ./Src/MSYSTICK_program.o
                                       0x3060 (size before relaxing)
 .debug_str     0x00000000000045fe      0x523 ./Src/RCC_program.o
                                       0x34f6 (size before relaxing)
 .debug_str     0x0000000000004b21     0x1231 ./Src/main.o
                                       0x49c7 (size before relaxing)
 .debug_str     0x0000000000005d52       0x31 ./Startup/startup_stm32f103c8tx.o
                                         0x69 (size before relaxing)

.comment        0x0000000000000000       0x50
 .comment       0x0000000000000000       0x50 ./Src/DIO_program.o
                                         0x51 (size before relaxing)
 .comment       0x0000000000000050       0x51 ./Src/GENRERALTIMERS_program.o
 .comment       0x0000000000000050       0x51 ./Src/MSYSTICK_program.o
 .comment       0x0000000000000050       0x51 ./Src/RCC_program.o
 .comment       0x0000000000000050       0x51 ./Src/main.o

.debug_frame    0x0000000000000000      0x530
 .debug_frame   0x0000000000000000       0xfc ./Src/DIO_program.o
 .debug_frame   0x00000000000000fc      0x1f0 ./Src/GENRERALTIMERS_program.o
 .debug_frame   0x00000000000002ec      0x16c ./Src/MSYSTICK_program.o
 .debug_frame   0x0000000000000458       0x80 ./Src/RCC_program.o
 .debug_frame   0x00000000000004d8       0x2c ./Src/main.o
 .debug_frame   0x0000000000000504       0x2c c:/st/stm32cubeide_1.10.1/stm32cubeide/plugins/com.st.stm32cube.ide.mcu.externaltools.gnu-tools-for-stm32.10.3-2021.10.win32_1.0.0.202111181127/tools/bin/../lib/gcc/arm-none-eabi/10.3.1/../../../../arm-none-eabi/lib/thumb/v7-m/nofp\libc_nano.a(lib_a-init.o)
