Archive member included to satisfy reference by file (symbol)

c:/st/stm32cubeide_1.10.1/stm32cubeide/plugins/com.st.stm32cube.ide.mcu.externaltools.gnu-tools-for-stm32.10.3-2021.10.win32_1.0.0.202111181127/tools/bin/../lib/gcc/arm-none-eabi/10.3.1/../../../../arm-none-eabi/lib/thumb/v7-m/nofp\libc_nano.a(lib_a-errno.o)
                              ./Src/syscalls.o (__errno)
c:/st/stm32cubeide_1.10.1/stm32cubeide/plugins/com.st.stm32cube.ide.mcu.externaltools.gnu-tools-for-stm32.10.3-2021.10.win32_1.0.0.202111181127/tools/bin/../lib/gcc/arm-none-eabi/10.3.1/../../../../arm-none-eabi/lib/thumb/v7-m/nofp\libc_nano.a(lib_a-exit.o)
                              c:/st/stm32cubeide_1.10.1/stm32cubeide/plugins/com.st.stm32cube.ide.mcu.externaltools.gnu-tools-for-stm32.10.3-2021.10.win32_1.0.0.202111181127/tools/bin/../lib/gcc/arm-none-eabi/10.3.1/../../../../arm-none-eabi/lib/thumb/v7-m/nofp/crt0.o (exit)
c:/st/stm32cubeide_1.10.1/stm32cubeide/plugins/com.st.stm32cube.ide.mcu.externaltools.gnu-tools-for-stm32.10.3-2021.10.win32_1.0.0.202111181127/tools/bin/../lib/gcc/arm-none-eabi/10.3.1/../../../../arm-none-eabi/lib/thumb/v7-m/nofp\libc_nano.a(lib_a-impure.o)
                              c:/st/stm32cubeide_1.10.1/stm32cubeide/plugins/com.st.stm32cube.ide.mcu.externaltools.gnu-tools-for-stm32.10.3-2021.10.win32_1.0.0.202111181127/tools/bin/../lib/gcc/arm-none-eabi/10.3.1/../../../../arm-none-eabi/lib/thumb/v7-m/nofp\libc_nano.a(lib_a-exit.o) (_global_impure_ptr)
c:/st/stm32cubeide_1.10.1/stm32cubeide/plugins/com.st.stm32cube.ide.mcu.externaltools.gnu-tools-for-stm32.10.3-2021.10.win32_1.0.0.202111181127/tools/bin/../lib/gcc/arm-none-eabi/10.3.1/../../../../arm-none-eabi/lib/thumb/v7-m/nofp\libc_nano.a(lib_a-init.o)
                              c:/st/stm32cubeide_1.10.1/stm32cubeide/plugins/com.st.stm32cube.ide.mcu.externaltools.gnu-tools-for-stm32.10.3-2021.10.win32_1.0.0.202111181127/tools/bin/../lib/gcc/arm-none-eabi/10.3.1/../../../../arm-none-eabi/lib/thumb/v7-m/nofp/crt0.o (__libc_init_array)
c:/st/stm32cubeide_1.10.1/stm32cubeide/plugins/com.st.stm32cube.ide.mcu.externaltools.gnu-tools-for-stm32.10.3-2021.10.win32_1.0.0.202111181127/tools/bin/../lib/gcc/arm-none-eabi/10.3.1/../../../../arm-none-eabi/lib/thumb/v7-m/nofp\libc_nano.a(lib_a-memset.o)
                              c:/st/stm32cubeide_1.10.1/stm32cubeide/plugins/com.st.stm32cube.ide.mcu.externaltools.gnu-tools-for-stm32.10.3-2021.10.win32_1.0.0.202111181127/tools/bin/../lib/gcc/arm-none-eabi/10.3.1/../../../../arm-none-eabi/lib/thumb/v7-m/nofp/crt0.o (memset)
c:/st/stm32cubeide_1.10.1/stm32cubeide/plugins/com.st.stm32cube.ide.mcu.externaltools.gnu-tools-for-stm32.10.3-2021.10.win32_1.0.0.202111181127/tools/bin/../lib/gcc/arm-none-eabi/10.3.1/../../../../arm-none-eabi/lib/thumb/v7-m/nofp\libc_nano.a(lib_a-sprintf.o)
                              ./Src/UART_program.o (sprintf)
c:/st/stm32cubeide_1.10.1/stm32cubeide/plugins/com.st.stm32cube.ide.mcu.externaltools.gnu-tools-for-stm32.10.3-2021.10.win32_1.0.0.202111181127/tools/bin/../lib/gcc/arm-none-eabi/10.3.1/../../../../arm-none-eabi/lib/thumb/v7-m/nofp\libc_nano.a(lib_a-nano-svfprintf.o)
                              c:/st/stm32cubeide_1.10.1/stm32cubeide/plugins/com.st.stm32cube.ide.mcu.externaltools.gnu-tools-for-stm32.10.3-2021.10.win32_1.0.0.202111181127/tools/bin/../lib/gcc/arm-none-eabi/10.3.1/../../../../arm-none-eabi/lib/thumb/v7-m/nofp\libc_nano.a(lib_a-sprintf.o) (_svfprintf_r)
c:/st/stm32cubeide_1.10.1/stm32cubeide/plugins/com.st.stm32cube.ide.mcu.externaltools.gnu-tools-for-stm32.10.3-2021.10.win32_1.0.0.202111181127/tools/bin/../lib/gcc/arm-none-eabi/10.3.1/../../../../arm-none-eabi/lib/thumb/v7-m/nofp\libc_nano.a(lib_a-nano-vfprintf_i.o)
                              c:/st/stm32cubeide_1.10.1/stm32cubeide/plugins/com.st.stm32cube.ide.mcu.externaltools.gnu-tools-for-stm32.10.3-2021.10.win32_1.0.0.202111181127/tools/bin/../lib/gcc/arm-none-eabi/10.3.1/../../../../arm-none-eabi/lib/thumb/v7-m/nofp\libc_nano.a(lib_a-nano-svfprintf.o) (_printf_i)
c:/st/stm32cubeide_1.10.1/stm32cubeide/plugins/com.st.stm32cube.ide.mcu.externaltools.gnu-tools-for-stm32.10.3-2021.10.win32_1.0.0.202111181127/tools/bin/../lib/gcc/arm-none-eabi/10.3.1/../../../../arm-none-eabi/lib/thumb/v7-m/nofp\libc_nano.a(lib_a-memchr-stub.o)
                              c:/st/stm32cubeide_1.10.1/stm32cubeide/plugins/com.st.stm32cube.ide.mcu.externaltools.gnu-tools-for-stm32.10.3-2021.10.win32_1.0.0.202111181127/tools/bin/../lib/gcc/arm-none-eabi/10.3.1/../../../../arm-none-eabi/lib/thumb/v7-m/nofp\libc_nano.a(lib_a-nano-svfprintf.o) (memchr)
c:/st/stm32cubeide_1.10.1/stm32cubeide/plugins/com.st.stm32cube.ide.mcu.externaltools.gnu-tools-for-stm32.10.3-2021.10.win32_1.0.0.202111181127/tools/bin/../lib/gcc/arm-none-eabi/10.3.1/../../../../arm-none-eabi/lib/thumb/v7-m/nofp\libc_nano.a(lib_a-memcpy-stub.o)
[...]
Memory Configuration

Name             Origin             Length             Attributes
RAM              0x0000000020000000 0x0000000000005000 xrw
FLASH            0x0000000008000000 0x0000000000010000 xr
*default*        0x0000000000000000 0xffffffffffffffff

Linker script and memory map

LOAD c:/st/stm32cubeide_1.10.1/stm32cubeide/plugins/com.st.stm32cube.ide.mcu.externaltools.gnu-tools-for-stm32.10.3-2021.10.win32_1.0.0.202111181127/tools/bin/../lib/gcc/arm-none-eabi/10.3.1/thumb/v7-m/nofp/crti.o
LOAD c:/st/stm32cubeide_1.10.1/stm32cubeide/plugins/com.st.stm32cube.ide.mcu.externaltools.gnu-tools-for-stm32.10.3-2021.10.win32_1.0.0.202111181127/tools/bin/../lib/gcc/arm-none-eabi/10.3.1/thumb/v7-m/nofp/crtbegin.o
LOAD c:/st/stm32cubeide_1.10.1/stm32cubeide/plugins/com.st.stm32cube.ide.mcu.externaltools.gnu-tools-for-stm32.10.3-2021.10.win32_1.0.0.202111181127/tools/bin/../lib/gcc/arm-none-eabi/10.3.1/../../../../arm-none-eabi/lib/thumb/v7-m/nofp/crt0.o
LOAD ./Src/AFIO_program.o
LOAD ./Src/BKMOTORS_program.o
LOAD ./Src/CAN_program.o
LOAD ./Src/DIO_program.o
LOAD ./Src/EXTI_program.o
LOAD ./Src/GENRERALTIMERS_program.o
LOAD ./Src/LIDAR_program.o
LOAD ./Src/LIMIT_SWITCH_program.o
LOAD ./Src/MDMA_program.o
LOAD ./Src/MNVIC_program.o
LOAD ./Src/MSYSTICK_program.o
LOAD ./Src/RCC_program.o
LOAD ./Src/SERVO_program.o
LOAD ./Src/SPI_program.o
LOAD ./Src/STEPPER_program.o
LOAD ./Src/STK_program.o
LOAD ./Src/UART_program.o
LOAD ./Src/ULTRASONIC_program.o
LOAD ./Src/main.o
LOAD ./Src/syscalls.o
LOAD ./Src/sysmem.o
LOAD ./Startup/startup_stm32f103c8tx.o
START GROUP
LOAD c:/st/stm32cubeide_1.10.1/stm32cubeide/plugins/com.st.stm32cube.ide.mcu.externaltools.gnu-tools-for-stm32.10.3-2021.10.win32_1.0.0.202111181127/tools/bin/../lib/gcc/arm-none-eabi/10.3.1/../../../../arm-none-eabi/lib/thumb/v7-m/nofp\libc_nano.a
LOAD c:/st/stm32cubeide_1.10.1/stm32cubeide/plugins/com.st.stm32cube.ide.mcu.externaltools.gnu-tools-for-stm32.10.3-2021.10.win32_1.0.0.202111181127/tools/bin/../lib/gcc/arm-none-eabi/10.3.1/../../../../arm-none-eabi/lib/thumb/v7-m/nofp\libm.a
END GROUP
START GROUP
LOAD c:/st/stm32cubeide_1.10.1/stm32cubeide/plugins/com.st.stm32cube.ide.mcu.externaltools.gnu-tools-for-stm32.10.3-2021.10.win32_1.0.0.202111181127/tools/bin/../lib/gcc/arm-none-eabi/10.3.1/thumb/v7-m/nofp\libgcc.a
LOAD c:/st/stm32cubeide_1.10.1/stm32cubeide/plugins/com.st.stm32cube.ide.mcu.externaltools.gnu-tools-for-stm32.10.3-2021.10.win32_1.0.0.202111181127/tools/bin/../lib/gcc/arm-none-eabi/10.3.1/../../../../arm-none-eabi/lib/thumb/v7-m/nofp\libc_nano.a
END GROUP
START GROUP
LOAD c:/st/stm32cubeide_1.10.1/stm32cubeide/plugins/com.st.stm32cube.ide.mcu.externaltools.gnu-tools-for-stm32.10.3-2021.10.win32_1.0.0.202111181127/tools/bin/../lib/gcc/arm-none-eabi/10.3.1/thumb/v7-m/nofp\libgcc.a
LOAD c:/st/stm32cubeide_1.10.1/stm32cubeide/plugins/com.st.stm32cube.ide.mcu.externaltools.gnu-tools-for-stm32.10.3-2021.10.win32_1.0.0.202111181127/tools/bin/../lib/gcc/arm-none-eabi/10.3.1/../../../../arm-none-eabi/lib/thumb/v7-m/nofp\libc_nano.a
LOAD c:/st/stm32cubeide_1.10.1/stm32cubeide/plugins/com.st.stm32cube.ide.mcu.externaltools.gnu-tools-for-stm32.10.3-2021.10.win32_1.0.0.202111181127/tools/bin/../lib/gcc/arm-none-eabi/10.3.1/../../../../arm-none-eabi/lib/thumb/v7-m/nofp\libnosys.a
END GROUP
START GROUP
LOAD c:/st/stm32cubeide_1.10.1/stm32cubeide/plugins/com.st.stm32cube.ide.mcu.externaltools.gnu-tools-for-stm32.10.3-2021.10.win32_1.0.0.202111181127/tools/bin/../lib/gcc/arm-none-eabi/10.3.1/thumb/v7-m/nofp\libgcc.a
LOAD c:/st/stm32cubeide_1.10.1/stm32cubeide/plugins/com.st.stm32cube.ide.mcu.externaltools.gnu-tools-for-stm32.10.3-2021.10.win32_1.0.0.202111181127/tools/bin/../lib/gcc/arm-none-eabi/10.3.1/../../../../arm-none-eabi/lib/thumb/v7-m/nofp\libc_nano.a
LOAD c:/st/stm32cubeide_1.10.1/stm32cubeide/plugins/com.st.stm32cube.ide.mcu.externaltools.gnu-tools-for-stm32.10.3-2021.10.win32_1.0.0.202111181127/tools/bin/../lib/gcc/arm-none-eabi/10.3.1/../../../../arm-none-eabi/lib/thumb/v7-m/nofp\libnosys.a
END GROUP
LOAD c:/st/stm32cubeide_1.10.1/stm32cubeide/plugins/com.st.stm32cube.ide.mcu.externaltools.gnu-tools-for-stm32.10.3-2021.10.win32_1.0.0.202111181127/tools/bin/../lib/gcc/arm-none-eabi/10.3.1/thumb/v7-m/nofp/crtend.o
LOAD c:/st/stm32cubeide_1.10.1/stm32cubeide/plugins/com.st.stm32cube.ide.mcu.externaltools.gnu-tools-for-stm32.10.3-2021.10.win32_1.0.0.202111181127/tools/bin/../lib/gcc/arm-none-eabi/10.3.1/thumb/v7-m/nofp/crtn.o
                0x0000000020005000                _estack = (ORIGIN (RAM) + LENGTH (RAM))
                0x0000000000000200                _Min_Heap_Size = 0x200
                0x0000000000000400                _Min_Stack_Size = 0x400

.isr_vector     0x0000000008000000      0x130
                0x0000000008000000                . = ALIGN (0x4)
 *(.isr_vector)
 .isr_vector    0x0000000008000000      0x130 ./Startup/startup_stm32f103c8tx.o
                0x0000000008000000                g_pfnVectors
                0x0000000008000130                . = ALIGN (0x4)

.text           0x0000000008000130      0x85c
                0x0000000008000130                . = ALIGN (0x4)
 *(.text)
 .text          0x0000000008000130       0x40 c:/st/stm32cubeide_1.10.1/stm32cubeide/plugins/com.st.stm32cube.ide.mcu.externaltools.gnu-tools-for-stm32.10.3-2021.10.win32_1.0.0.202111181127/tools/bin/../lib/gcc/arm-none-eabi/10.3.1/thumb/v7-m/nofp/crtbegin.o
 *(.text*)
 .text.MDIO_INIT
                0x0000000008000170       0x22 ./Src/DIO_program.o
                0x0000000008000170                MDIO_INIT
 *fill*         0x0000000008000192        0x2 
 .text.MDIO_voidSetDirection
                0x0000000008000194      0x264 ./Src/DIO_program.o
                0x0000000008000194                MDIO_voidSetDirection
 .text.MDIO_voidWrite_D_pin
                0x00000000080003f8       0xf4 ./Src/DIO_program.o
                0x00000000080003f8                MDIO_voidWrite_D_pin
 .text.EXTI0_IRQHandler
                0x00000000080004ec       0x24 ./Src/EXTI_program.o
                0x00000000080004ec                EXTI0_IRQHandler
 .text.EXTI1_IRQHandler
                0x0000000008000510       0x24 ./Src/EXTI_program.o
                0x0000000008000510                EXTI1_IRQHandler
 .text.EXTI2_IRQHandler
                0x0000000008000534       0x24 ./Src/EXTI_program.o
                0x0000000008000534                EXTI2_IRQHandler
 .text.EXTI3_IRQHandler
                0x0000000008000558       0x24 ./Src/EXTI_program.o
                0x0000000008000558                EXTI3_IRQHandler
 .text.EXTI4_IRQHandler
                0x000000000800057c       0x24 ./Src/EXTI_program.o
                0x000000000800057c                EXTI4_IRQHandler
 .text.EXTI9_5_IRQHandler
                0x00000000080005a0       0xc8 ./Src/EXTI_program.o
                0x00000000080005a0                EXTI9_5_IRQHandler
 .text.MSYSTICK_voidInit
                0x0000000008000668       0x28 ./Src/MSYSTICK_program.o
                0x0000000008000668                MSYSTICK_voidInit
 .text.MYSYSTICK_voidSet_BusyWait
                0x0000000008000690       0x40 ./Src/MSYSTICK_program.o
                0x0000000008000690                MYSYSTICK_voidSet_BusyWait
 .text.MSYSTICK_voidDelay_uS
                0x00000000080006d0       0x1c ./Src/MSYSTICK_program.o
                0x00000000080006d0                MSYSTICK_voidDelay_uS
 .text.MRCC_voidEnableClock
                0x00000000080006ec       0x80 ./Src/RCC_program.o
                0x00000000080006ec                MRCC_voidEnableClock
 .text.MRCC_voidInitClock
                0x000000000800076c       0x40 ./Src/RCC_program.o
                0x000000000800076c                MRCC_voidInitClock
 .text.HSTEPPER_voidinit
                0x00000000080007ac       0x3e ./Src/STEPPER_program.o
                0x00000000080007ac                HSTEPPER_voidinit
 .text.HSTEPPER_voidmove
                0x00000000080007ea       0x5a ./Src/STEPPER_program.o
                0x00000000080007ea                HSTEPPER_voidmove
 .text.SysTick_Handler
                0x0000000008000844       0x3c ./Src/STK_program.o
                0x0000000008000844                SysTick_Handler
 .text.STK_voidStopInterval
                0x0000000008000880       0x34 ./Src/STK_program.o
                0x0000000008000880                STK_voidStopInterval
 .text.main     0x00000000080008b4       0x22 ./Src/main.o
                0x00000000080008b4                main
 *fill*         0x00000000080008d6        0x2 
 .text.Reset_Handler
                0x00000000080008d8       0x50 ./Startup/startup_stm32f103c8tx.o
                0x00000000080008d8                Reset_Handler
 .text.Default_Handler
                0x0000000008000928        0x2 ./Startup/startup_stm32f103c8tx.o
                0x0000000008000928                TIM8_TRG_COM_IRQHandler
                0x0000000008000928                TIM8_CC_IRQHandler
                0x0000000008000928                DebugMon_Handler
                0x0000000008000928                TIM1_CC_IRQHandler
                0x0000000008000928                HardFault_Handler
                0x0000000008000928                TIM6_IRQHandler
                0x0000000008000928                PVD_IRQHandler
                0x0000000008000928                SDIO_IRQHandler
                0x0000000008000928                PendSV_Handler
                0x0000000008000928                NMI_Handler
                0x0000000008000928                USB_HP_CAN_TX_IRQHandler
                0x0000000008000928                I2C2_EV_IRQHandler
                0x0000000008000928                UsageFault_Handler
                0x0000000008000928                ADC1_2_IRQHandler
                0x0000000008000928                SPI1_IRQHandler
                0x0000000008000928                CAN_SCE_IRQHandler
                0x0000000008000928                TAMPER_IRQHandler
                0x0000000008000928                TIM8_UP_IRQHandler
                0x0000000008000928                DMA2_Channel2_IRQHandler
                0x0000000008000928                DMA1_Channel4_IRQHandler
                0x0000000008000928                USART3_IRQHandler
                0x0000000008000928                RTC_IRQHandler
                0x0000000008000928                DMA1_Channel7_IRQHandler
                0x0000000008000928                UART5_IRQHandler
                0x0000000008000928                ADC3_IRQHandler
                0x0000000008000928                TIM4_IRQHandler
                0x0000000008000928                CAN_RX1_IRQHandler
                0x0000000008000928                DMA2_Channel1_IRQHandler
                0x0000000008000928                I2C1_EV_IRQHandler
                0x0000000008000928                DMA1_Channel6_IRQHandler
                0x0000000008000928                UART4_IRQHandler
                0x0000000008000928                TIM3_IRQHandler
                0x0000000008000928                RCC_IRQHandler
                0x0000000008000928                TIM1_TRG_COM_IRQHandler
                0x0000000008000928                DMA1_Channel1_IRQHandler
                0x0000000008000928                Default_Handler
                0x0000000008000928                EXTI15_10_IRQHandler
                0x0000000008000928                TIM7_IRQHandler
                0x0000000008000928                TIM5_IRQHandler
                0x0000000008000928                SPI2_IRQHandler
                0x0000000008000928                USB_LP_CAN_RX0_IRQHandler
                0x0000000008000928                MemManage_Handler
                0x0000000008000928                SVC_Handler
                0x0000000008000928                DMA1_Channel5_IRQHandler
                0x0000000008000928                DMA1_Channel3_IRQHandler
                0x0000000008000928                FSMC_IRQHandler
                0x0000000008000928                TIM1_UP_IRQHandler
                0x0000000008000928                WWDG_IRQHandler
                0x0000000008000928                TIM2_IRQHandler
                0x0000000008000928                TIM1_BRK_IRQHandler
                0x0000000008000928                RTCAlarm_IRQHandler
                0x0000000008000928                DMA2_Channel4_5_IRQHandler
                0x0000000008000928                USART2_IRQHandler
                0x0000000008000928                I2C2_ER_IRQHandler
                0x0000000008000928                DMA1_Channel2_IRQHandler
                0x0000000008000928                TIM8_BRK_IRQHandler
                0x0000000008000928                FLASH_IRQHandler
                0x0000000008000928                BusFault_Handler
                0x0000000008000928                USART1_IRQHandler
                0x0000000008000928                SPI3_IRQHandler
                0x0000000008000928                I2C1_ER_IRQHandler
                0x0000000008000928                DMA2_Channel3_IRQHandler
 *fill*         0x000000000800092a        0x2 
 .text.__libc_init_array
                0x000000000800092c       0x48 c:/st/stm32cubeide_1.10.1/stm32cubeide/plugins/com.st.stm32cube.ide.mcu.externaltools.gnu-tools-for-stm32.10.3-2021.10.win32_1.0.0.202111181127/tools/bin/../lib/gcc/arm-none-eabi/10.3.1/../../../../arm-none-eabi/lib/thumb/v7-m/nofp\libc_nano.a(lib_a-init.o)
                0x000000000800092c                __libc_init_array
 *(.glue_7)
 .glue_7        0x0000000008000974        0x0 linker stubs
 *(.glue_7t)
 .glue_7t       0x0000000008000974        0x0 linker stubs
 *(.eh_frame)
 .eh_frame      0x0000000008000974        0x0 c:/st/stm32cubeide_1.10.1/stm32cubeide/plugins/com.st.stm32cube.ide.mcu.externaltools.gnu-tools-for-stm32.10.3-2021.10.win32_1.0.0.202111181127/tools/bin/../lib/gcc/arm-none-eabi/10.3.1/thumb/v7-m/nofp/crtbegin.o
 *(.init)
 .init          0x0000000008000974        0x4 c:/st/stm32cubeide_1.10.1/stm32cubeide/plugins/com.st.stm32cube.ide.mcu.externaltools.gnu-tools-for-stm32.10.3-2021.10.win32_1.0.0.202111181127/tools/bin/../lib/gcc/arm-none-eabi/10.3.1/thumb/v7-m/nofp/crti.o
                0x0000000008000974                _init
 .init          0x0000000008000978        0x8 c:/st/stm32cubeide_1.10.1/stm32cubeide/plugins/com.st.stm32cube.ide.mcu.externaltools.gnu-tools-for-stm32.10.3-2021.10.win32_1.0.0.202111181127/tools/bin/../lib/gcc/arm-none-eabi/10.3.1/thumb/v7-m/nofp/crtn.o
 *(.fini)
 .fini          0x0000000008000980        0x4 c:/st/stm32cubeide_1.10.1/stm32cubeide/plugins/com.st.stm32cube.ide.mcu.externaltools.gnu-tools-for-stm32.10.3-2021.10.win32_1.0.0.202111181127/tools/bin/../lib/gcc/arm-none-eabi/10.3.1/thumb/v7-m/nofp/crti.o
                0x0000000008000980                _fini
 .fini          0x0000000008000984        0x8 c:/st/stm32cubeide_1.10.1/stm32cubeide/plugins/com.st.stm32cube.ide.mcu.externaltools.gnu-tools-for-stm32.10.3-2021.10.win32_1.0.0.202111181127/tools/bin/../lib/gcc/arm-none-eabi/10.3.1/thumb/v7-m/nofp/crtn.o
                0x000000000800098c                . = ALIGN (0x4)
                0x000000000800098c                _etext = .

.vfp11_veneer   0x000000000800098c        0x0
 .vfp11_veneer  0x000000000800098c        0x0 linker stubs

.v4_bx          0x000000000800098c        0x0
 .v4_bx         0x000000000800098c        0x0 linker stubs

.iplt           0x000000000800098c        0x0
 .iplt          0x000000000800098c        0x0 c:/st/stm32cubeide_1.10.1/stm32cubeide/plugins/com.st.stm32cube.ide.mcu.externaltools.gnu-tools-for-stm32.10.3-2021.10.win32_1.0.0.202111181127/tools/bin/../lib/gcc/arm-none-eabi/10.3.1/thumb/v7-m/nofp/crtbegin.o

.rel.dyn        0x000000000800098c        0x0
 .rel.iplt      0x000000000800098c        0x0 c:/st/stm32cubeide_1.10.1/stm32cubeide/plugins/com.st.stm32cube.ide.mcu.externaltools.gnu-tools-for-stm32.10.3-2021.10.win32_1.0.0.202111181127/tools/bin/../lib/gcc/arm-none-eabi/10.3.1/thumb/v7-m/nofp/crtbegin.o

.rodata         0x000000000800098c        0x0
                0x000000000800098c                . = ALIGN (0x4)
 *(.rodata)
 *(.rodata*)
                0x000000000800098c                . = ALIGN (0x4)

.ARM.extab      0x000000000800098c        0x0
                0x000000000800098c                . = ALIGN (0x4)
 *(.ARM.extab* .gnu.linkonce.armextab.*)
                0x000000000800098c                . = ALIGN (0x4)

.ARM            0x000000000800098c        0x0
                0x000000000800098c                . = ALIGN (0x4)
                0x000000000800098c                __exidx_start = .
 *(.ARM.exidx*)
                0x000000000800098c                __exidx_end = .
                0x000000000800098c                . = ALIGN (0x4)

.preinit_array  0x000000000800098c        0x0
                0x000000000800098c                . = ALIGN (0x4)
                0x000000000800098c                PROVIDE (__preinit_array_start = .)
 *(.preinit_array*)
                0x000000000800098c                PROVIDE (__preinit_array_end = .)
                0x000000000800098c                . = ALIGN (0x4)

.init_array     0x000000000800098c        0x4
                0x000000000800098c                . = ALIGN (0x4)
                0x000000000800098c                PROVIDE (__init_array_start = .)
 *(SORT_BY_NAME(.init_array.*))
 *(.init_array*)
 .init_array    0x000000000800098c        0x4 c:/st/stm32cubeide_1.10.1/stm32cubeide/plugins/com.st.stm32cube.ide.mcu.externaltools.gnu-tools-for-stm32.10.3-2021.10.win32_1.0.0.202111181127/tools/bin/../lib/gcc/arm-none-eabi/10.3.1/thumb/v7-m/nofp/crtbegin.o
                0x0000000008000990                PROVIDE (__init_array_end = .)
                0x0000000008000990                . = ALIGN (0x4)

.fini_array     0x0000000008000990        0x4
                0x0000000008000990                . = ALIGN (0x4)
                [!provide]                        PROVIDE (__fini_array_start = .)
 *(SORT_BY_NAME(.fini_array.*))
 *(.fini_array*)
 .fini_array    0x0000000008000990        0x4 c:/st/stm32cubeide_1.10.1/stm32cubeide/plugins/com.st.stm32cube.ide.mcu.externaltools.gnu-tools-for-stm32.10.3-2021.10.win32_1.0.0.202111181127/tools/bin/../lib/gcc/arm-none-eabi/10.3.1/thumb/v7-m/nofp/crtbegin.o
                [!provide]                        PROVIDE (__fini_array_end = .)
                0x0000000008000994                . = ALIGN (0x4)
                0x0000000008000994                _sidata = LOADADDR (.data)

.data           0x0000000020000000        0x0 load address 0x0000000008000994
                0x0000000020000000                . = ALIGN (0x4)
                0x0000000020000000                _sdata = .
 *(.data)
 *(.data*)
 *(.RamFunc)
 *(.RamFunc*)
                0x0000000020000000                . = ALIGN (0x4)
                0x0000000020000000                _edata = .

.igot.plt       0x0000000020000000        0x0 load address 0x0000000008000994
 .igot.plt      0x0000000020000000        0x0 c:/st/stm32cubeide_1.10.1/stm32cubeide/plugins/com.st.stm32cube.ide.mcu.externaltools.gnu-tools-for-stm32.10.3-2021.10.win32_1.0.0.202111181127/tools/bin/../lib/gcc/arm-none-eabi/10.3.1/thumb/v7-m/nofp/crtbegin.o
                0x0000000020000000                . = ALIGN (0x4)

.bss            0x0000000020000000       0x4c load address 0x0000000008000994
                0x0000000020000000                _sbss = .
                0x0000000020000000                __bss_start__ = _sbss
 *(.bss)
 .bss           0x0000000020000000       0x1c c:/st/stm32cubeide_1.10.1/stm32cubeide/plugins/com.st.stm32cube.ide.mcu.externaltools.gnu-tools-for-stm32.10.3-2021.10.win32_1.0.0.202111181127/tools/bin/../lib/gcc/arm-none-eabi/10.3.1/thumb/v7-m/nofp/crtbegin.o
 *(.bss*)
 .bss.EXTI_LINE0_CALLBACK
                0x000000002000001c        0x4 ./Src/EXTI_program.o
 .bss.EXTI_LINE1_CALLBACK
                0x0000000020000020        0x4 ./Src/EXTI_program.o
 .bss.EXTI_LINE2_CALLBACK
                0x0000000020000024        0x4 ./Src/EXTI_program.o
 .bss.EXTI_LINE3_CALLBACK
                0x0000000020000028        0x4 ./Src/EXTI_program.o
 .bss.EXTI_LINE4_CALLBACK
                0x000000002000002c        0x4 ./Src/EXTI_program.o
 .bss.EXTI_LINE5_CALLBACK
                0x0000000020000030        0x4 ./Src/EXTI_program.o
 .bss.EXTI_LINE6_CALLBACK
                0x0000000020000034        0x4 ./Src/EXTI_program.o
 .bss.EXTI_LINE7_CALLBACK
                0x0000000020000038        0x4 ./Src/EXTI_program.o
 .bss.EXTI_LINE8_CALLBACK
                0x000000002000003c        0x4 ./Src/EXTI_program.o
 .bss.EXTI_LINE9_CALLBACK
                0x0000000020000040        0x4 ./Src/EXTI_program.o
 .bss.STK_CallBack
                0x0000000020000044        0x4 ./Src/STK_program.o
 .bss.STk_u8ModeOfInterval
                0x0000000020000048        0x1 ./Src/STK_program.o
 *(COMMON)
                0x000000002000004c                . = ALIGN (0x4)
 *fill*         0x0000000020000049        0x3 
                0x000000002000004c                _ebss = .
                0x000000002000004c                __bss_end__ = _ebss

._user_heap_stack
                0x000000002000004c      0x604 load address 0x0000000008000994
                0x0000000020000050                . = ALIGN (0x8)
 *fill*         0x000000002000004c        0x4 
                [!provide]                        PROVIDE (end = .)
                0x0000000020000050                PROVIDE (_end = .)
                0x0000000020000250                . = (. + _Min_Heap_Size)
 *fill*         0x0000000020000050      0x200 
                0x0000000020000650                . = (. + _Min_Stack_Size)
 *fill*         0x0000000020000250      0x400 
                0x0000000020000650                . = ALIGN (0x8)

/DISCARD/
 libc.a(*)
 libm.a(*)
 libgcc.a(*)

.ARM.attributes
                0x0000000000000000       0x29
 *(.ARM.attributes)
 .ARM.attributes
                0x0000000000000000       0x1d c:/st/stm32cubeide_1.10.1/stm32cubeide/plugins/com.st.stm32cube.ide.mcu.externaltools.gnu-tools-for-stm32.10.3-2021.10.win32_1.0.0.202111181127/tools/bin/../lib/gcc/arm-none-eabi/10.3.1/thumb/v7-m/nofp/crti.o
 .ARM.attributes
                0x000000000000001d       0x2d c:/st/stm32cubeide_1.10.1/stm32cubeide/plugins/com.st.stm32cube.ide.mcu.externaltools.gnu-tools-for-stm32.10.3-2021.10.win32_1.0.0.202111181127/tools/bin/../lib/gcc/arm-none-eabi/10.3.1/thumb/v7-m/nofp/crtbegin.o
 .ARM.attributes
                0x000000000000004a       0x2d ./Src/DIO_program.o
 .ARM.attributes
                0x0000000000000077       0x2d ./Src/EXTI_program.o
 .ARM.attributes
                0x00000000000000a4       0x2d ./Src/MSYSTICK_program.o
 .ARM.attributes
                0x00000000000000d1       0x2d ./Src/RCC_program.o
 .ARM.attributes
                0x00000000000000fe       0x2d ./Src/STEPPER_program.o
 .ARM.attributes
                0x000000000000012b       0x2d ./Src/STK_program.o
 .ARM.attributes
                0x0000000000000158       0x2d ./Src/main.o
 .ARM.attributes
                0x0000000000000185       0x21 ./Startup/startup_stm32f103c8tx.o
 .ARM.attributes
                0x00000000000001a6       0x2d c:/st/stm32cubeide_1.10.1/stm32cubeide/plugins/com.st.stm32cube.ide.mcu.externaltools.gnu-tools-for-stm32.10.3-2021.10.win32_1.0.0.202111181127/tools/bin/../lib/gcc/arm-none-eabi/10.3.1/../../../../arm-none-eabi/lib/thumb/v7-m/nofp\libc_nano.a(lib_a-init.o)
 .ARM.attributes
                0x00000000000001d3       0x1d c:/st/stm32cubeide_1.10.1/stm32cubeide/plugins/com.st.stm32cube.ide.mcu.externaltools.gnu-tools-for-stm32.10.3-2021.10.win32_1.0.0.202111181127/tools/bin/../lib/gcc/arm-none-eabi/10.3.1/thumb/v7-m/nofp/crtn.o
OUTPUT(LIDAR_LAYER.elf elf32-littlearm)
LOAD linker stubs
LOAD c:/st/stm32cubeide_1.10.1/stm32cubeide/plugins/com.st.stm32cube.ide.mcu.externaltools.gnu-tools-for-stm32.10.3-2021.10.win32_1.0.0.202111181127/tools/bin/../lib/gcc/arm-none-eabi/10.3.1/../../../../arm-none-eabi/lib/thumb/v7-m/nofp\libc.a
LOAD c:/st/stm32cubeide_1.10.1/stm32cubeide/plugins/com.st.stm32cube.ide.mcu.externaltools.gnu-tools-for-stm32.10.3-2021.10.win32_1.0.0.202111181127/tools/bin/../lib/gcc/arm-none-eabi/10.3.1/../../../../arm-none-eabi/lib/thumb/v7-m/nofp\libm.a
LOAD c:/st/stm32cubeide_1.10.1/stm32cubeide/plugins/com.st.stm32cube.ide.mcu.externaltools.gnu-tools-for-stm32.10.3-2021.10.win32_1.0.0.202111181127/tools/bin/../lib/gcc/arm-none-eabi/10.3.1/thumb/v7-m/nofp\libgcc.a

.debug_info     0x0000000000000000      0xe10
 .debug_info    0x0000000000000000      0x1f4 ./Src/DIO_program.o
 .debug_info    0x00000000000001f4      0x320 ./Src/EXTI_program.o
 .debug_info    0x0000000000000514      0x219 ./Src/MSYSTICK_program.o
 .debug_info    0x000000000000072d      0x100 ./Src/RCC_program.o
 .debug_info    0x000000000000082d      0x170 ./Src/STEPPER_program.o
 .debug_info    0x000000000000099d      0x378 ./Src/STK_program.o
 .debug_info    0x0000000000000d15       0xd9 ./Src/main.o
 .debug_info    0x0000000000000dee       0x22 ./Startup/startup_stm32f103c8tx.o

.debug_abbrev   0x0000000000000000      0x655
 .debug_abbrev  0x0000000000000000       0xc5 ./Src/DIO_program.o
 .debug_abbrev  0x00000000000000c5      0x11a ./Src/EXTI_program.o
 .debug_abbrev  0x00000000000001df       0xe6 ./Src/MSYSTICK_program.o
 .debug_abbrev  0x00000000000002c5       0x92 ./Src/RCC_program.o
 .debug_abbrev  0x0000000000000357       0xb8 ./Src/STEPPER_program.o
 .debug_abbrev  0x000000000000040f      0x1ad ./Src/STK_program.o
 .debug_abbrev  0x00000000000005bc       0x87 ./Src/main.o
 .debug_abbrev  0x0000000000000643       0x12 ./Startup/startup_stm32f103c8tx.o

.debug_aranges  0x0000000000000000      0x258
 .debug_aranges
                0x0000000000000000       0x48 ./Src/DIO_program.o
 .debug_aranges
                0x0000000000000048       0x70 ./Src/EXTI_program.o
 .debug_aranges
                0x00000000000000b8       0x60 ./Src/MSYSTICK_program.o
 .debug_aranges
                0x0000000000000118       0x30 ./Src/RCC_program.o
 .debug_aranges
                0x0000000000000148       0x30 ./Src/STEPPER_program.o
 .debug_aranges
                0x0000000000000178       0x98 ./Src/STK_program.o
 .debug_aranges
                0x0000000000000210       0x20 ./Src/main.o
 .debug_aranges
                0x0000000000000230       0x28 ./Startup/startup_stm32f103c8tx.o

.debug_ranges   0x0000000000000000      0x1e0
 .debug_ranges  0x0000000000000000       0x38 ./Src/DIO_program.o
 .debug_ranges  0x0000000000000038       0x60 ./Src/EXTI_program.o
 .debug_ranges  0x0000000000000098       0x50 ./Src/MSYSTICK_program.o
 .debug_ranges  0x00000000000000e8       0x20 ./Src/RCC_program.o
 .debug_ranges  0x0000000000000108       0x20 ./Src/STEPPER_program.o
 .debug_ranges  0x0000000000000128       0x88 ./Src/STK_program.o
 .debug_ranges  0x00000000000001b0       0x10 ./Src/main.o
 .debug_ranges  0x00000000000001c0       0x20 ./Startup/startup_stm32f103c8tx.o

.debug_macro    0x0000000000000000      0xbbc
 .debug_macro   0x0000000000000000       0x48 ./Src/DIO_program.o
 .debug_macro   0x0000000000000048       0x9a ./Src/DIO_program.o
 .debug_macro   0x00000000000000e2       0x51 ./Src/EXTI_program.o
 .debug_macro   0x0000000000000133       0xee ./Src/EXTI_program.o
 .debug_macro   0x0000000000000221       0x10 ./Src/EXTI_program.o
 .debug_macro   0x0000000000000231      0x172 ./Src/EXTI_program.o
 .debug_macro   0x00000000000003a3       0x3f ./Src/MSYSTICK_program.o
 .debug_macro   0x00000000000003e2       0x40 ./Src/MSYSTICK_program.o
 .debug_macro   0x0000000000000422       0x1c ./Src/MSYSTICK_program.o
 .debug_macro   0x000000000000043e       0x3e ./Src/RCC_program.o
 .debug_macro   0x000000000000047c      0x13c ./Src/RCC_program.o
 .debug_macro   0x00000000000005b8       0x3a ./Src/RCC_program.o
 .debug_macro   0x00000000000005f2       0x5b ./Src/STEPPER_program.o
 .debug_macro   0x000000000000064d       0x34 ./Src/STEPPER_program.o
 .debug_macro   0x0000000000000681       0x3e ./Src/STK_program.o
 .debug_macro   0x00000000000006bf       0x22 ./Src/STK_program.o
 .debug_macro   0x00000000000006e1       0x10 ./Src/STK_program.o
 .debug_macro   0x00000000000006f1       0x16 ./Src/STK_program.o
 .debug_macro   0x0000000000000707      0x1a6 ./Src/main.o
 .debug_macro   0x00000000000008ad      0x174 ./Src/main.o
 .debug_macro   0x0000000000000a21      0x19b ./Src/main.o

.debug_line     0x0000000000000000     0x161f
 .debug_line    0x0000000000000000      0x2fe ./Src/DIO_program.o
 .debug_line    0x00000000000002fe      0x381 ./Src/EXTI_program.o
 .debug_line    0x000000000000067f      0x1ec ./Src/MSYSTICK_program.o
 .debug_line    0x000000000000086b      0x139 ./Src/RCC_program.o
 .debug_line    0x00000000000009a4      0x1c1 ./Src/STEPPER_program.o
 .debug_line    0x0000000000000b65      0x2c7 ./Src/STK_program.o
 .debug_line    0x0000000000000e2c      0x76f ./Src/main.o
 .debug_line    0x000000000000159b       0x84 ./Startup/startup_stm32f103c8tx.o

.debug_str      0x0000000000000000     0x946f
 .debug_str     0x0000000000000000     0x3a8b ./Src/DIO_program.o
                                       0x3b09 (size before relaxing)
 .debug_str     0x0000000000003a8b      0x8e6 ./Src/EXTI_program.o
                                       0x370a (size before relaxing)
 .debug_str     0x0000000000004371      0x341 ./Src/MSYSTICK_program.o
                                       0x316b (size before relaxing)
 .debug_str     0x00000000000046b2      0x523 ./Src/RCC_program.o
                                       0x35a9 (size before relaxing)
 .debug_str     0x0000000000004bd5      0x18a ./Src/STEPPER_program.o
                                       0x37ae (size before relaxing)
 .debug_str     0x0000000000004d5f      0x2dc ./Src/STK_program.o
                                       0x3117 (size before relaxing)
 .debug_str     0x000000000000503b     0x4403 ./Src/main.o
                                       0x80ac (size before relaxing)
 .debug_str     0x000000000000943e       0x31 ./Startup/startup_stm32f103c8tx.o
                                         0x57 (size before relaxing)

.comment        0x0000000000000000       0x50
 .comment       0x0000000000000000       0x50 ./Src/DIO_program.o
                                         0x51 (size before relaxing)
 .comment       0x0000000000000050       0x51 ./Src/EXTI_program.o
 .comment       0x0000000000000050       0x51 ./Src/MSYSTICK_program.o
 .comment       0x0000000000000050       0x51 ./Src/RCC_program.o
 .comment       0x0000000000000050       0x51 ./Src/STEPPER_program.o
 .comment       0x0000000000000050       0x51 ./Src/STK_program.o
 .comment       0x0000000000000050       0x51 ./Src/main.o

.debug_frame    0x0000000000000000      0x76c
 .debug_frame   0x0000000000000000       0xfc ./Src/DIO_program.o
 .debug_frame   0x00000000000000fc      0x17c ./Src/EXTI_program.o
 .debug_frame   0x0000000000000278      0x158 ./Src/MSYSTICK_program.o
 .debug_frame   0x00000000000003d0       0x80 ./Src/RCC_program.o
 .debug_frame   0x0000000000000450       0x74 ./Src/STEPPER_program.o
 .debug_frame   0x00000000000004c4      0x250 ./Src/STK_program.o
 .debug_frame   0x0000000000000714       0x2c ./Src/main.o
 .debug_frame   0x0000000000000740       0x2c c:/st/stm32cubeide_1.10.1/stm32cubeide/plugins/com.st.stm32cube.ide.mcu.externaltools.gnu-tools-for-stm32.10.3-2021.10.win32_1.0.0.202111181127/tools/bin/../lib/gcc/arm-none-eabi/10.3.1/../../../../arm-none-eabi/lib/thumb/v7-m/nofp\libc_nano.a(lib_a-init.o)
